<html>
<body>
<pre>
<h1>µVision Build Log</h1>
<h2>Project:</h2>
C:\Users\Ali Soomar\Desktop\319k Labs\lab10-ali-and-eric\SpaceInvaders.uvproj
Project File Date:  04/28/2017

<h2>Output:</h2>
Build target 'SpaceInvaders'
compiling Sound.c...
linking...
Program Size: Code=10944 RO-data=81284 RW-data=448 ZI-data=1552  
".\SpaceInvaders.axf" - 0 Error(s), 0 Warning(s).
f" - 0 Error(s), 0 Warning(s).
Load "C:\\Users\\Ali Soomar\\Desktop\\319k Labs\\lab10-ali-and-eric\\SpaceInvaders.axf" 
Connecting: Mode=JTAG, Speed=1000000Hz
Erase Done.
Programming Done.
Verify OK.
 warning and 1 error messages.
".\SpaceInvaders.axf" - 1 Error(s), 1 Warning(s).
Target not created
0-ali-and-eric\\SpaceInvaders.axf" 
Connecting: Mode=JTAG, Speed=1000000Hz
Erase Done.
Programming Done.
Verify OK.
