ARM Linker, 5.03 [Build 76] [MDK-ARM Professional]

==============================================================================

Section Cross References

    startup.o(STACK) refers (Special) to heapauxi.o(.text) for __use_two_region_memory
    startup.o(HEAP) refers (Special) to heapauxi.o(.text) for __use_two_region_memory
    startup.o(RESET) refers (Special) to heapauxi.o(.text) for __use_two_region_memory
    startup.o(RESET) refers to startup.o(STACK) for StackMem
    startup.o(RESET) refers to spaceinvaders.o(i.SysTick_Handler) for SysTick_Handler
    startup.o(RESET) refers to timer0.o(i.Timer0A_Handler) for Timer0A_Handler
    startup.o(RESET) refers to timer1.o(i.Timer1A_Handler) for Timer1A_Handler
    startup.o(RESET) refers to spaceinvaders.o(i.GPIOPortF_Handler) for GPIOPortF_Handler
    startup.o(RESET) refers to texas.o(.text) for Timer4A_Handler
    startup.o(RESET) refers to __main.o(!!!main) for __main
    startup.o(.text) refers (Special) to heapauxi.o(.text) for __use_two_region_memory
    startup.o(.text) refers to startup.o(HEAP) for HeapMem
    startup.o(.text) refers to startup.o(STACK) for StackMem
    random.o(.text) refers to random.o(DATA) for M
    timer0.o(i.Timer0A_Handler) refers to timer0.o(.data) for PeriodicTask0
    timer0.o(i.Timer0_Init) refers to startup.o(.text) for StartCritical
    timer0.o(i.Timer0_Init) refers to timer0.o(.data) for PeriodicTask0
    timer1.o(i.Timer1A_Handler) refers to timer1.o(.data) for PeriodicTask1
    timer1.o(i.Timer1_Init) refers to timer1.o(.data) for PeriodicTask1
    sound.o(i.Sound_BangSFX) refers to sound.o(i.Sound_Play) for Sound_Play
    sound.o(i.Sound_BangSFX) refers to sound.o(.constdata) for BangSFX
    sound.o(i.Sound_DyingSFX) refers to sound.o(i.Sound_Play) for Sound_Play
    sound.o(i.Sound_DyingSFX) refers to sound.o(.constdata) for DyingSFX
    sound.o(i.Sound_ExplosionSFX) refers to sound.o(i.Sound_Play) for Sound_Play
    sound.o(i.Sound_ExplosionSFX) refers to sound.o(.constdata) for ExplosionSFX
    sound.o(i.Sound_FootstepsSFX) refers to sound.o(i.Sound_Play) for Sound_Play
    sound.o(i.Sound_FootstepsSFX) refers to sound.o(.constdata) for FootstepsSFX
    sound.o(i.Sound_GunShotSFX) refers to sound.o(i.Sound_Play) for Sound_Play
    sound.o(i.Sound_GunShotSFX) refers to sound.o(.constdata) for GunShotSFX
    sound.o(i.Sound_Init) refers to dac.o(i.DAC_Init) for DAC_Init
    sound.o(i.Sound_OhNoSFX) refers to sound.o(i.Sound_Play) for Sound_Play
    sound.o(i.Sound_OhNoSFX) refers to sound.o(.constdata) for OhNoSFX
    sound.o(i.Sound_Play) refers to sound.o(.data) for currentSound
    sound.o(i.UserTask) refers to dac.o(i.DAC_Out) for DAC_Out
    sound.o(i.UserTask) refers to sound.o(.data) for soundLength
    print.o(.text) refers to st7735.o(i.ST7735_OutChar) for ST7735_OutChar
    print.o(.text) refers to st7735.o(i.ST7735_OutString) for ST7735_OutString
    spaceinvaders.o(i.Bullet_Init) refers to spaceinvaders.o(.bss) for bullets
    spaceinvaders.o(i.EdgeCounter_Init) refers to spaceinvaders.o(.data) for FallingEdges
    spaceinvaders.o(i.Enemy_Init) refers to spaceinvaders.o(.bss) for chaser
    spaceinvaders.o(i.GPIOPortF_Handler) refers to st7735.o(i.ST7735_FillRect) for ST7735_FillRect
    spaceinvaders.o(i.GPIOPortF_Handler) refers to st7735.o(i.ST7735_SetCursor) for ST7735_SetCursor
    spaceinvaders.o(i.GPIOPortF_Handler) refers to st7735.o(i.ST7735_OutString) for ST7735_OutString
    spaceinvaders.o(i.GPIOPortF_Handler) refers to spaceinvaders.o(.data) for pauseFlag
    spaceinvaders.o(i.SysTick_Handler) refers to adc.o(i.ADC_In) for ADC_In
    spaceinvaders.o(i.SysTick_Handler) refers to spaceinvaders.o(.data) for ADCval
    spaceinvaders.o(i.SysTick_Handler) refers to spaceinvaders.o(.bss) for shooter
    spaceinvaders.o(i.Update_Bullets) refers to st7735.o(i.ST7735_DrawBitmap) for ST7735_DrawBitmap
    spaceinvaders.o(i.Update_Bullets) refers to spaceinvaders.o(.data) for bulletTime
    spaceinvaders.o(i.Update_Bullets) refers to spaceinvaders.o(.bss) for bullets
    spaceinvaders.o(i.Update_Bullets) refers to spaceinvaders.o(.constdata) for BulletImg
    spaceinvaders.o(i.checkEnemyDead) refers to spaceinvaders.o(i.mag) for mag
    spaceinvaders.o(i.checkEnemyDead) refers to spaceinvaders.o(.bss) for bullets
    spaceinvaders.o(i.checkEnemyDead) refers to spaceinvaders.o(.data) for score
    spaceinvaders.o(i.checkShooterDead) refers to spaceinvaders.o(i.mag) for mag
    spaceinvaders.o(i.checkShooterDead) refers to spaceinvaders.o(.bss) for chaser
    spaceinvaders.o(i.clearDeadItems) refers to st7735.o(i.ST7735_FillRect) for ST7735_FillRect
    spaceinvaders.o(i.clearDeadItems) refers to sound.o(i.Sound_DyingSFX) for Sound_DyingSFX
    spaceinvaders.o(i.clearDeadItems) refers to spaceinvaders.o(.bss) for bullets
    spaceinvaders.o(i.clearDeadItems) refers to spaceinvaders.o(.data) for numDead
    spaceinvaders.o(i.deployEnemies) refers to random.o(.text) for Random
[...]
    st7735.o(i.Output_Init) refers to st7735.o(i.ST7735_FillScreen) for ST7735_FillScreen
    st7735.o(i.Output_Off) refers to st7735.o(i.Output_Clear) for Output_Clear
    st7735.o(i.Output_On) refers to st7735.o(i.Output_Init) for Output_Init
    st7735.o(i.ST7735_DrawBitmap) refers to st7735.o(i.setAddrWindow) for setAddrWindow
    st7735.o(i.ST7735_DrawBitmap) refers to lcd.o(.text) for writedata
    st7735.o(i.ST7735_DrawBitmap) refers to st7735.o(.data) for _width
    st7735.o(i.ST7735_DrawChar) refers to st7735.o(i.setAddrWindow) for setAddrWindow
    st7735.o(i.ST7735_DrawChar) refers to st7735.o(i.pushColor) for pushColor
    st7735.o(i.ST7735_DrawChar) refers to st7735.o(.data) for _width
    st7735.o(i.ST7735_DrawChar) refers to st7735.o(.constdata) for Font
    st7735.o(i.ST7735_DrawCharS) refers to st7735.o(i.ST7735_DrawPixel) for ST7735_DrawPixel
    st7735.o(i.ST7735_DrawCharS) refers to st7735.o(i.ST7735_FillRect) for ST7735_FillRect
    st7735.o(i.ST7735_DrawCharS) refers to st7735.o(.data) for _width
    st7735.o(i.ST7735_DrawCharS) refers to st7735.o(.constdata) for Font
    st7735.o(i.ST7735_DrawFastHLine) refers to st7735.o(i.setAddrWindow) for setAddrWindow
    st7735.o(i.ST7735_DrawFastHLine) refers to lcd.o(.text) for writedata
    st7735.o(i.ST7735_DrawFastHLine) refers to st7735.o(.data) for _width
    st7735.o(i.ST7735_DrawFastVLine) refers to st7735.o(i.setAddrWindow) for setAddrWindow
    st7735.o(i.ST7735_DrawFastVLine) refers to lcd.o(.text) for writedata
    st7735.o(i.ST7735_DrawFastVLine) refers to st7735.o(.data) for _width
    st7735.o(i.ST7735_DrawPixel) refers to st7735.o(i.setAddrWindow) for setAddrWindow
    st7735.o(i.ST7735_DrawPixel) refers to st7735.o(i.pushColor) for pushColor
    st7735.o(i.ST7735_DrawPixel) refers to st7735.o(.data) for _width
    st7735.o(i.ST7735_DrawString) refers to st7735.o(i.ST7735_DrawCharS) for ST7735_DrawCharS
    st7735.o(i.ST7735_FillRect) refers to st7735.o(i.setAddrWindow) for setAddrWindow
    st7735.o(i.ST7735_FillRect) refers to lcd.o(.text) for writedata
    st7735.o(i.ST7735_FillRect) refers to st7735.o(.data) for _width
    st7735.o(i.ST7735_FillRectMod) refers to st7735.o(i.setAddrWindow) for setAddrWindow
    st7735.o(i.ST7735_FillRectMod) refers to lcd.o(.text) for writedata
    st7735.o(i.ST7735_FillRectMod) refers to st7735.o(.data) for _width
    st7735.o(i.ST7735_FillScreen) refers to st7735.o(i.ST7735_FillRect) for ST7735_FillRect
    st7735.o(i.ST7735_FillScreen) refers to st7735.o(.data) for _height
    st7735.o(i.ST7735_InitB) refers to st7735.o(i.commonInit) for commonInit
    st7735.o(i.ST7735_InitB) refers to st7735.o(i.ST7735_SetCursor) for ST7735_SetCursor
    st7735.o(i.ST7735_InitB) refers to st7735.o(i.ST7735_FillScreen) for ST7735_FillScreen
    st7735.o(i.ST7735_InitB) refers to st7735.o(.constdata) for Bcmd
    st7735.o(i.ST7735_InitB) refers to st7735.o(.data) for StTextColor
    st7735.o(i.ST7735_InitR) refers to st7735.o(i.commonInit) for commonInit
    st7735.o(i.ST7735_InitR) refers to st7735.o(i.commandList) for commandList
    st7735.o(i.ST7735_InitR) refers to lcd.o(.text) for writecommand
    st7735.o(i.ST7735_InitR) refers to st7735.o(i.ST7735_SetCursor) for ST7735_SetCursor
    st7735.o(i.ST7735_InitR) refers to st7735.o(i.ST7735_FillScreen) for ST7735_FillScreen
    st7735.o(i.ST7735_InitR) refers to st7735.o(.constdata) for Rcmd1
    st7735.o(i.ST7735_InitR) refers to st7735.o(.data) for ColStart
    st7735.o(i.ST7735_InvertDisplay) refers to lcd.o(.text) for writecommand
    st7735.o(i.ST7735_OutChar) refers to st7735.o(i.ST7735_DrawString) for ST7735_DrawString
    st7735.o(i.ST7735_OutChar) refers to st7735.o(i.ST7735_DrawCharS) for ST7735_DrawCharS
    st7735.o(i.ST7735_OutChar) refers to st7735.o(.data) for StY
    st7735.o(i.ST7735_OutString) refers to st7735.o(i.ST7735_OutChar) for ST7735_OutChar
    st7735.o(i.ST7735_OutUDec) refers to st7735.o(i.fillmessage) for fillmessage
    st7735.o(i.ST7735_OutUDec) refers to st7735.o(i.ST7735_DrawString) for ST7735_DrawString
    st7735.o(i.ST7735_OutUDec) refers to st7735.o(i.ST7735_DrawCharS) for ST7735_DrawCharS
    st7735.o(i.ST7735_OutUDec) refers to st7735.o(.data) for Messageindex
    st7735.o(i.ST7735_OutUDec) refers to st7735.o(.bss) for Message
    st7735.o(i.ST7735_PlotBar) refers to st7735.o(i.ST7735_DrawFastVLine) for ST7735_DrawFastVLine
    st7735.o(i.ST7735_PlotBar) refers to st7735.o(.data) for Ymin
    st7735.o(i.ST7735_PlotClear) refers to st7735.o(i.ST7735_Color565) for ST7735_Color565
    st7735.o(i.ST7735_PlotClear) refers to st7735.o(i.ST7735_FillRect) for ST7735_FillRect
    st7735.o(i.ST7735_PlotClear) refers to st7735.o(.data) for Ymax
    st7735.o(i.ST7735_PlotLine) refers to st7735.o(i.ST7735_DrawPixel) for ST7735_DrawPixel
    st7735.o(i.ST7735_PlotLine) refers to st7735.o(.data) for Ymin
    st7735.o(i.ST7735_PlotNext) refers to st7735.o(.data) for X
    st7735.o(i.ST7735_PlotNextErase) refers to st7735.o(i.ST7735_Color565) for ST7735_Color565
    st7735.o(i.ST7735_PlotNextErase) refers to st7735.o(i.ST7735_DrawFastVLine) for ST7735_DrawFastVLine
    st7735.o(i.ST7735_PlotNextErase) refers to st7735.o(.data) for X
    st7735.o(i.ST7735_PlotPoint) refers to st7735.o(i.ST7735_DrawPixel) for ST7735_DrawPixel
    st7735.o(i.ST7735_PlotPoint) refers to st7735.o(.data) for Ymin
    st7735.o(i.ST7735_PlotPoints) refers to st7735.o(i.ST7735_DrawPixel) for ST7735_DrawPixel
    st7735.o(i.ST7735_PlotPoints) refers to st7735.o(.data) for Ymin
    st7735.o(i.ST7735_PlotdBfs) refers to st7735.o(i.ST7735_DrawFastVLine) for ST7735_DrawFastVLine
    st7735.o(i.ST7735_PlotdBfs) refers to st7735.o(.constdata) for dBfs
    st7735.o(i.ST7735_PlotdBfs) refers to st7735.o(.data) for X
    st7735.o(i.ST7735_SetCursor) refers to st7735.o(.data) for StX
    st7735.o(i.ST7735_SetRotation) refers to lcd.o(.text) for writecommand
    st7735.o(i.ST7735_SetRotation) refers to st7735.o(.data) for Rotation
    st7735.o(i.ST7735_SetTextColor) refers to st7735.o(.data) for StTextColor
    st7735.o(i.commandList) refers to lcd.o(.text) for writecommand
    st7735.o(i.commandList) refers to st7735.o(i.Delay1ms) for Delay1ms
    st7735.o(i.commonInit) refers to st7735.o(i.Delay1ms) for Delay1ms
    st7735.o(i.commonInit) refers to st7735.o(i.commandList) for commandList
    st7735.o(i.commonInit) refers to st7735.o(.data) for RowStart
    st7735.o(i.fillmessage) refers to st7735.o(.bss) for Message
    st7735.o(i.fillmessage) refers to st7735.o(.data) for Messageindex
    st7735.o(i.fputc) refers to st7735.o(i.ST7735_OutChar) for ST7735_OutChar
    st7735.o(i.pushColor) refers to lcd.o(.text) for writedata
    st7735.o(i.setAddrWindow) refers to lcd.o(.text) for writecommand
    st7735.o(i.setAddrWindow) refers to st7735.o(.data) for ColStart
    texas.o(.text) refers to texas.o(.bss) for TExaS
    texas.o(.text) refers to texas.o(.constdata) for IntroMsg
    texas.o(.text) refers to texas.o(.data) for LastMode
    __main.o(!!!main) refers to rtentry.o(.ARM.Collect$$rtentry$$00000000) for __rt_entry
    rtentry.o(.ARM.Collect$$rtentry$$00000000) refers (Special) to rtentry2.o(.ARM.Collect$$rtentry$$0000000A) for __rt_entry_li
    rtentry.o(.ARM.Collect$$rtentry$$00000000) refers (Special) to rtentry2.o(.ARM.Collect$$rtentry$$0000000D) for __rt_entry_main
    rtentry.o(.ARM.Collect$$rtentry$$00000000) refers (Special) to rtentry2.o(.ARM.Collect$$rtentry$$0000000C) for __rt_entry_postli_1
    rtentry.o(.ARM.Collect$$rtentry$$00000000) refers (Special) to rtentry2.o(.ARM.Collect$$rtentry$$00000009) for __rt_entry_postsh_1
    rtentry.o(.ARM.Collect$$rtentry$$00000000) refers (Special) to rtentry2.o(.ARM.Collect$$rtentry$$00000002) for __rt_entry_presh_1
    rtentry.o(.ARM.Collect$$rtentry$$00000000) refers (Special) to rtentry4.o(.ARM.Collect$$rtentry$$00000004) for __rt_entry_sh
    rtentry2.o(.ARM.Collect$$rtentry$$00000008) refers to boardinit2.o(.text) for _platform_post_stackheap_init
    rtentry2.o(.ARM.Collect$$rtentry$$0000000A) refers to libinit.o(.ARM.Collect$$libinit$$00000000) for __rt_lib_init
    rtentry2.o(.ARM.Collect$$rtentry$$0000000B) refers to boardinit3.o(.text) for _platform_post_lib_init
    rtentry2.o(.ARM.Collect$$rtentry$$0000000D) refers to spaceinvaders.o(i.main) for main
    rtentry2.o(.ARM.Collect$$rtentry$$0000000D) refers to exit.o(.text) for exit
    rtentry2.o(.ARM.exidx) refers to rtentry2.o(.ARM.Collect$$rtentry$$00000001) for .ARM.Collect$$rtentry$$00000001
    rtentry2.o(.ARM.exidx) refers to rtentry2.o(.ARM.Collect$$rtentry$$00000008) for .ARM.Collect$$rtentry$$00000008
    rtentry2.o(.ARM.exidx) refers to rtentry2.o(.ARM.Collect$$rtentry$$0000000A) for .ARM.Collect$$rtentry$$0000000A
    rtentry2.o(.ARM.exidx) refers to rtentry2.o(.ARM.Collect$$rtentry$$0000000B) for .ARM.Collect$$rtentry$$0000000B
    rtentry2.o(.ARM.exidx) refers to rtentry2.o(.ARM.Collect$$rtentry$$0000000D) for .ARM.Collect$$rtentry$$0000000D
    rtentry4.o(.ARM.Collect$$rtentry$$00000004) refers to sys_stackheap_outer.o(.text) for __user_setup_stackheap
    rtentry4.o(.ARM.exidx) refers to rtentry4.o(.ARM.Collect$$rtentry$$00000004) for .ARM.Collect$$rtentry$$00000004
    sys_stackheap_outer.o(.text) refers to libspace.o(.text) for __user_perproc_libspace
    sys_stackheap_outer.o(.text) refers to startup.o(.text) for __user_initial_stackheap
    exit.o(.text) refers to rtexit.o(.ARM.Collect$$rtexit$$00000000) for __rt_exit
    libinit.o(.ARM.Collect$$libinit$$00000000) refers (Special) to libinit2.o(.ARM.Collect$$libinit$$0000002C) for __rt_lib_init_alloca_1
    libinit.o(.ARM.Collect$$libinit$$00000000) refers (Special) to libinit2.o(.ARM.Collect$$libinit$$0000002A) for __rt_lib_init_argv_1
    libinit.o(.ARM.Collect$$libinit$$00000000) refers (Special) to libinit2.o(.ARM.Collect$$libinit$$00000019) for __rt_lib_init_atexit_1
    libinit.o(.ARM.Collect$$libinit$$00000000) refers (Special) to libinit2.o(.ARM.Collect$$libinit$$0000001F) for __rt_lib_init_clock_1
    libinit.o(.ARM.Collect$$libinit$$00000000) refers (Special) to libinit2.o(.ARM.Collect$$libinit$$00000030) for __rt_lib_init_cpp_1
    libinit.o(.ARM.Collect$$libinit$$00000000) refers (Special) to libinit2.o(.ARM.Collect$$libinit$$0000002E) for __rt_lib_init_exceptions_1
    libinit.o(.ARM.Collect$$libinit$$00000000) refers (Special) to libinit2.o(.ARM.Collect$$libinit$$00000002) for __rt_lib_init_fp_1
    libinit.o(.ARM.Collect$$libinit$$00000000) refers (Special) to libinit2.o(.ARM.Collect$$libinit$$0000001D) for __rt_lib_init_fp_trap_1
    libinit.o(.ARM.Collect$$libinit$$00000000) refers (Special) to libinit2.o(.ARM.Collect$$libinit$$00000021) for __rt_lib_init_getenv_1
    libinit.o(.ARM.Collect$$libinit$$00000000) refers (Special) to libinit2.o(.ARM.Collect$$libinit$$00000008) for __rt_lib_init_heap_1
    libinit.o(.ARM.Collect$$libinit$$00000000) refers (Special) to libinit2.o(.ARM.Collect$$libinit$$0000000F) for __rt_lib_init_lc_collate_1
    libinit.o(.ARM.Collect$$libinit$$00000000) refers (Special) to libinit2.o(.ARM.Collect$$libinit$$00000011) for __rt_lib_init_lc_ctype_1
    libinit.o(.ARM.Collect$$libinit$$00000000) refers (Special) to libinit2.o(.ARM.Collect$$libinit$$00000013) for __rt_lib_init_lc_monetary_1
    libinit.o(.ARM.Collect$$libinit$$00000000) refers (Special) to libinit2.o(.ARM.Collect$$libinit$$00000015) for __rt_lib_init_lc_numeric_1
    libinit.o(.ARM.Collect$$libinit$$00000000) refers (Special) to libinit2.o(.ARM.Collect$$libinit$$00000017) for __rt_lib_init_lc_time_1
    libinit.o(.ARM.Collect$$libinit$$00000000) refers (Special) to libinit2.o(.ARM.Collect$$libinit$$0000000C) for __rt_lib_init_rand_1
    libinit.o(.ARM.Collect$$libinit$$00000000) refers (Special) to libinit2.o(.ARM.Collect$$libinit$$00000031) for __rt_lib_init_return
    libinit.o(.ARM.Collect$$libinit$$00000000) refers (Special) to libinit2.o(.ARM.Collect$$libinit$$0000001B) for __rt_lib_init_signal_1
    libinit.o(.ARM.Collect$$libinit$$00000000) refers (Special) to libinit2.o(.ARM.Collect$$libinit$$00000023) for __rt_lib_init_stdio_1
    libinit.o(.ARM.Collect$$libinit$$00000000) refers (Special) to libinit2.o(.ARM.Collect$$libinit$$0000000A) for __rt_lib_init_user_alloc_1
    libspace.o(.text) refers to libspace.o(.bss) for __libspace_start
    rtexit.o(.ARM.Collect$$rtexit$$00000000) refers (Special) to rtexit2.o(.ARM.Collect$$rtexit$$00000004) for __rt_exit_exit
    rtexit.o(.ARM.Collect$$rtexit$$00000000) refers (Special) to rtexit2.o(.ARM.Collect$$rtexit$$00000003) for __rt_exit_ls
    rtexit.o(.ARM.Collect$$rtexit$$00000000) refers (Special) to rtexit2.o(.ARM.Collect$$rtexit$$00000002) for __rt_exit_prels_1
    rtexit.o(.ARM.exidx) refers (Special) to rtexit2.o(.ARM.Collect$$rtexit$$00000004) for __rt_exit_exit
    rtexit.o(.ARM.exidx) refers (Special) to rtexit2.o(.ARM.Collect$$rtexit$$00000003) for __rt_exit_ls
    rtexit.o(.ARM.exidx) refers (Special) to rtexit2.o(.ARM.Collect$$rtexit$$00000002) for __rt_exit_prels_1
    rtexit.o(.ARM.exidx) refers to rtexit.o(.ARM.Collect$$rtexit$$00000000) for .ARM.Collect$$rtexit$$00000000
    libinit2.o(.ARM.Collect$$libinit$$0000000E) refers to libinit2.o(.ARM.Collect$$libinit$$0000000D) for .ARM.Collect$$libinit$$0000000D
    libinit2.o(.ARM.Collect$$libinit$$00000010) refers to libinit2.o(.ARM.Collect$$libinit$$0000000D) for .ARM.Collect$$libinit$$0000000D
    libinit2.o(.ARM.Collect$$libinit$$00000012) refers to libinit2.o(.ARM.Collect$$libinit$$0000000D) for .ARM.Collect$$libinit$$0000000D
    libinit2.o(.ARM.Collect$$libinit$$00000014) refers to libinit2.o(.ARM.Collect$$libinit$$0000000D) for .ARM.Collect$$libinit$$0000000D
    libinit2.o(.ARM.Collect$$libinit$$00000016) refers to libinit2.o(.ARM.Collect$$libinit$$0000000D) for .ARM.Collect$$libinit$$0000000D
    libinit2.o(.ARM.Collect$$libinit$$00000024) refers to argv_veneer.o(.emb_text) for __ARM_argv_veneer
    libinit2.o(.ARM.Collect$$libinit$$00000025) refers to argv_veneer.o(.emb_text) for __ARM_argv_veneer
    rtexit2.o(.ARM.Collect$$rtexit$$00000003) refers to libshutdown.o(.ARM.Collect$$libshutdown$$00000000) for __rt_lib_shutdown
    rtexit2.o(.ARM.Collect$$rtexit$$00000004) refers to sys_exit.o(.text) for _sys_exit
    rtexit2.o(.ARM.exidx) refers to rtexit2.o(.ARM.Collect$$rtexit$$00000001) for .ARM.Collect$$rtexit$$00000001
    rtexit2.o(.ARM.exidx) refers to rtexit2.o(.ARM.Collect$$rtexit$$00000003) for .ARM.Collect$$rtexit$$00000003
    rtexit2.o(.ARM.exidx) refers to rtexit2.o(.ARM.Collect$$rtexit$$00000004) for .ARM.Collect$$rtexit$$00000004
    argv_veneer.o(.emb_text) refers to no_argv.o(.text) for __ARM_get_argv
    sys_exit.o(.text) refers (Special) to use_no_semi.o(.text) for __I$use$semihosting
    sys_exit.o(.text) refers (Special) to indicate_semi.o(.text) for __semihosting_library_function
    _get_argv_nomalloc.o(.text) refers (Special) to hrguard.o(.text) for __heap_region$guard
    _get_argv_nomalloc.o(.text) refers to defsig_rtmem_outer.o(.text) for __rt_SIGRTMEM
    _get_argv_nomalloc.o(.text) refers to sys_command.o(.text) for _sys_command_string
    libshutdown.o(.ARM.Collect$$libshutdown$$00000000) refers (Special) to libshutdown2.o(.ARM.Collect$$libshutdown$$00000006) for __rt_lib_shutdown_fp_trap_1
    libshutdown.o(.ARM.Collect$$libshutdown$$00000000) refers (Special) to libshutdown2.o(.ARM.Collect$$libshutdown$$0000000E) for __rt_lib_shutdown_heap_1
    libshutdown.o(.ARM.Collect$$libshutdown$$00000000) refers (Special) to libshutdown2.o(.ARM.Collect$$libshutdown$$0000000F) for __rt_lib_shutdown_return
    libshutdown.o(.ARM.Collect$$libshutdown$$00000000) refers (Special) to libshutdown2.o(.ARM.Collect$$libshutdown$$00000009) for __rt_lib_shutdown_signal_1
    libshutdown.o(.ARM.Collect$$libshutdown$$00000000) refers (Special) to libshutdown2.o(.ARM.Collect$$libshutdown$$00000003) for __rt_lib_shutdown_stdio_1
    libshutdown.o(.ARM.Collect$$libshutdown$$00000000) refers (Special) to libshutdown2.o(.ARM.Collect$$libshutdown$$0000000B) for __rt_lib_shutdown_user_alloc_1
    sys_command.o(.text) refers (Special) to use_no_semi.o(.text) for __I$use$semihosting
    sys_command.o(.text) refers (Special) to indicate_semi.o(.text) for __semihosting_library_function
    defsig_rtmem_outer.o(.text) refers to defsig_rtmem_inner.o(.text) for __rt_SIGRTMEM_inner
    defsig_rtmem_outer.o(.text) refers to defsig_exit.o(.text) for __sig_exit
    defsig_rtmem_formal.o(.text) refers to rt_raise.o(.text) for __rt_raise
    rt_raise.o(.text) refers to __raise.o(.text) for __raise
    rt_raise.o(.text) refers to sys_exit.o(.text) for _sys_exit
    defsig_exit.o(.text) refers to sys_exit.o(.text) for _sys_exit
    defsig_rtmem_inner.o(.text) refers to defsig_general.o(.text) for __default_signal_display
    __raise.o(.text) refers to defsig.o(CL$$defsig) for __default_signal_handler
    defsig_general.o(.text) refers to sys_wrch.o(.text) for _ttywrch
    sys_wrch.o(.text) refers (Special) to use_no_semi.o(.text) for __I$use$semihosting
    sys_wrch.o(.text) refers (Special) to indicate_semi.o(.text) for __semihosting_library_function
    defsig.o(CL$$defsig) refers to defsig_rtmem_inner.o(.text) for __rt_SIGRTMEM_inner
    defsig_abrt_inner.o(.text) refers to defsig_general.o(.text) for __default_signal_display
    defsig_fpe_inner.o(.text) refers to defsig_general.o(.text) for __default_signal_display
    defsig_rtred_inner.o(.text) refers to defsig_general.o(.text) for __default_signal_display
    defsig_stak_inner.o(.text) refers to defsig_general.o(.text) for __default_signal_display
    defsig_pvfn_inner.o(.text) refers to defsig_general.o(.text) for __default_signal_display
    defsig_cppl_inner.o(.text) refers to defsig_general.o(.text) for __default_signal_display
    defsig_segv_inner.o(.text) refers to defsig_general.o(.text) for __default_signal_display
    defsig_other.o(.text) refers to defsig_general.o(.text) for __default_signal_display


==============================================================================

Removing Unused input sections from the image.

    Removing timer1.o(i.Timer1_Init), (96 bytes).
    Removing st7735.o(i.Output_Clear), (10 bytes).
    Removing st7735.o(i.Output_Color), (12 bytes).
    Removing st7735.o(i.Output_Off), (8 bytes).
    Removing st7735.o(i.Output_On), (8 bytes).
    Removing st7735.o(i.ST7735_Color565), (24 bytes).
    Removing st7735.o(i.ST7735_DrawChar), (268 bytes).
    Removing st7735.o(i.ST7735_DrawFastHLine), (124 bytes).
    Removing st7735.o(i.ST7735_DrawFastVLine), (124 bytes).
    Removing st7735.o(i.ST7735_FillRectMod), (224 bytes).
    Removing st7735.o(i.ST7735_InitB), (40 bytes).
    Removing st7735.o(i.ST7735_InvertDisplay), (22 bytes).
    Removing st7735.o(i.ST7735_OutUDec), (140 bytes).
    Removing st7735.o(i.ST7735_PlotBar), (88 bytes).
    Removing st7735.o(i.ST7735_PlotClear), (92 bytes).
    Removing st7735.o(i.ST7735_PlotLine), (264 bytes).
    Removing st7735.o(i.ST7735_PlotNext), (32 bytes).
    Removing st7735.o(i.ST7735_PlotNextErase), (64 bytes).
    Removing st7735.o(i.ST7735_PlotPoint), (152 bytes).
    Removing st7735.o(i.ST7735_PlotPoints), (172 bytes).
    Removing st7735.o(i.ST7735_PlotdBfs), (60 bytes).
    Removing st7735.o(i.ST7735_SetRotation), (212 bytes).
    Removing st7735.o(i.ST7735_SetTextColor), (12 bytes).
    Removing st7735.o(i.ST7735_SwapColor), (18 bytes).
    Removing st7735.o(i.ferror), (8 bytes).
    Removing st7735.o(i.fgetc), (6 bytes).
    Removing st7735.o(i.fillmessage), (72 bytes).
    Removing st7735.o(i.fputc), (16 bytes).
    Removing st7735.o(.bss), (12 bytes).

29 unused section(s) (total 2380 bytes) removed from the image.

==============================================================================

Image Symbol Table

    Local Symbols

    Symbol Name                              Value     Ov Type        Size  Object(Section)

    RESET                                    0x00000000   Section      644  startup.o(RESET)
    ../clib/angel/boardlib.s                 0x00000000   Number         0  boardinit1.o ABSOLUTE
    ../clib/angel/boardlib.s                 0x00000000   Number         0  boardinit3.o ABSOLUTE
    ../clib/angel/boardlib.s                 0x00000000   Number         0  boardinit2.o ABSOLUTE
    ../clib/angel/boardlib.s                 0x00000000   Number         0  boardshut.o ABSOLUTE
    ../clib/angel/dczerorl2.s                0x00000000   Number         0  __dczerorl2.o ABSOLUTE
    ../clib/angel/handlers.s                 0x00000000   Number         0  __scatter_zi.o ABSOLUTE
    ../clib/angel/kernel.s                   0x00000000   Number         0  rtentry4.o ABSOLUTE
    ../clib/angel/kernel.s                   0x00000000   Number         0  rtexit.o ABSOLUTE
    ../clib/angel/kernel.s                   0x00000000   Number         0  rtexit2.o ABSOLUTE
    ../clib/angel/kernel.s                   0x00000000   Number         0  rtentry2.o ABSOLUTE
    ../clib/angel/kernel.s                   0x00000000   Number         0  rtentry.o ABSOLUTE
    ../clib/angel/rt.s                       0x00000000   Number         0  rt_raise.o ABSOLUTE
    ../clib/angel/scatter.s                  0x00000000   Number         0  __scatter.o ABSOLUTE
    ../clib/angel/startup.s                  0x00000000   Number         0  __main.o ABSOLUTE
    ../clib/angel/sys.s                      0x00000000   Number         0  libspace.o ABSOLUTE
    ../clib/angel/sys.s                      0x00000000   Number         0  sys_stackheap_outer.o ABSOLUTE
    ../clib/angel/sys.s                      0x00000000   Number         0  use_no_semi.o ABSOLUTE
    ../clib/angel/sys.s                      0x00000000   Number         0  indicate_semi.o ABSOLUTE
    ../clib/angel/sysapp.c                   0x00000000   Number         0  sys_wrch.o ABSOLUTE
    ../clib/angel/sysapp.c                   0x00000000   Number         0  sys_exit.o ABSOLUTE
    ../clib/angel/sysapp.c                   0x00000000   Number         0  sys_command.o ABSOLUTE
    ../clib/armsys.c                         0x00000000   Number         0  argv_veneer.o ABSOLUTE
    ../clib/armsys.c                         0x00000000   Number         0  argv_veneer.o ABSOLUTE
    ../clib/armsys.c                         0x00000000   Number         0  _get_argv_nomalloc.o ABSOLUTE
    ../clib/armsys.c                         0x00000000   Number         0  no_argv.o ABSOLUTE
    ../clib/heapalloc.c                      0x00000000   Number         0  hrguard.o ABSOLUTE
    ../clib/heapaux.c                        0x00000000   Number         0  heapauxi.o ABSOLUTE
    ../clib/libinit.s                        0x00000000   Number         0  libshutdown2.o ABSOLUTE
    ../clib/libinit.s                        0x00000000   Number         0  libinit2.o ABSOLUTE
    ../clib/libinit.s                        0x00000000   Number         0  libinit.o ABSOLUTE
    ../clib/libinit.s                        0x00000000   Number         0  libshutdown.o ABSOLUTE
    ../clib/signal.c                         0x00000000   Number         0  defsig_abrt_inner.o ABSOLUTE
    ../clib/signal.c                         0x00000000   Number         0  defsig_general.o ABSOLUTE
    ../clib/signal.c                         0x00000000   Number         0  __raise.o ABSOLUTE
    ../clib/signal.c                         0x00000000   Number         0  defsig_rtmem_inner.o ABSOLUTE
    ../clib/signal.c                         0x00000000   Number         0  defsig_rtmem_formal.o ABSOLUTE
    ../clib/signal.c                         0x00000000   Number         0  defsig_rtmem_outer.o ABSOLUTE
    ../clib/signal.c                         0x00000000   Number         0  defsig_pvfn_inner.o ABSOLUTE
    ../clib/signal.c                         0x00000000   Number         0  defsig_other.o ABSOLUTE
    ../clib/signal.c                         0x00000000   Number         0  defsig_segv_inner.o ABSOLUTE
    ../clib/signal.c                         0x00000000   Number         0  defsig_cppl_inner.o ABSOLUTE
    ../clib/signal.c                         0x00000000   Number         0  defsig_exit.o ABSOLUTE
    ../clib/signal.c                         0x00000000   Number         0  defsig_stak_inner.o ABSOLUTE
    ../clib/signal.c                         0x00000000   Number         0  defsig_rtred_inner.o ABSOLUTE
    ../clib/signal.c                         0x00000000   Number         0  defsig_fpe_inner.o ABSOLUTE
    ../clib/signal.s                         0x00000000   Number         0  defsig.o ABSOLUTE
    ../clib/stdlib.c                         0x00000000   Number         0  exit.o ABSOLUTE
    ../fplib/fpinit.s                        0x00000000   Number         0  fpinit.o ABSOLUTE
    ADC.c                                    0x00000000   Number         0  adc.o ABSOLUTE
    DAC.c                                    0x00000000   Number         0  dac.o ABSOLUTE
    LCD.s                                    0x00000000   Number         0  lcd.o ABSOLUTE
    Print.s                                  0x00000000   Number         0  print.o ABSOLUTE
    ST7735.c                                 0x00000000   Number         0  st7735.o ABSOLUTE
    Sound.c                                  0x00000000   Number         0  sound.o ABSOLUTE
    SpaceInvaders.c                          0x00000000   Number         0  spaceinvaders.o ABSOLUTE
    SysTick.c                                0x00000000   Number         0  systick.o ABSOLUTE
    TExaS.c                                  0x00000000   Number         0  texas.o ABSOLUTE
    Timer0.c                                 0x00000000   Number         0  timer0.o ABSOLUTE
    Timer1.c                                 0x00000000   Number         0  timer1.o ABSOLUTE
    dc.s                                     0x00000000   Number         0  dc.o ABSOLUTE
    random.s                                 0x00000000   Number         0  random.o ABSOLUTE
    startup.s                                0x00000000   Number         0  startup.o ABSOLUTE
    !!!main                                  0x00000284   Section        8  __main.o(!!!main)
    !!!scatter                               0x0000028c   Section       52  __scatter.o(!!!scatter)
    !!dczerorl2                              0x000002c0   Section       90  __dczerorl2.o(!!dczerorl2)
    !!handler_zi                             0x0000031c   Section       28  __scatter_zi.o(!!handler_zi)
    .ARM.Collect$$libinit$$00000000          0x00000338   Section        2  libinit.o(.ARM.Collect$$libinit$$00000000)
    .ARM.Collect$$libinit$$00000002          0x0000033a   Section        0  libinit2.o(.ARM.Collect$$libinit$$00000002)
    .ARM.Collect$$libinit$$00000008          0x0000033a   Section        0  libinit2.o(.ARM.Collect$$libinit$$00000008)
    .ARM.Collect$$libinit$$0000000A          0x0000033a   Section        0  libinit2.o(.ARM.Collect$$libinit$$0000000A)
    .ARM.Collect$$libinit$$0000000C          0x0000033a   Section        0  libinit2.o(.ARM.Collect$$libinit$$0000000C)
    .ARM.Collect$$libinit$$0000000F          0x0000033a   Section        0  libinit2.o(.ARM.Collect$$libinit$$0000000F)
    .ARM.Collect$$libinit$$00000011          0x0000033a   Section        0  libinit2.o(.ARM.Collect$$libinit$$00000011)
    .ARM.Collect$$libinit$$00000013          0x0000033a   Section        0  libinit2.o(.ARM.Collect$$libinit$$00000013)
    .ARM.Collect$$libinit$$00000015          0x0000033a   Section        0  libinit2.o(.ARM.Collect$$libinit$$00000015)
    .ARM.Collect$$libinit$$00000017          0x0000033a   Section        0  libinit2.o(.ARM.Collect$$libinit$$00000017)
    .ARM.Collect$$libinit$$00000019          0x0000033a   Section        0  libinit2.o(.ARM.Collect$$libinit$$00000019)
    .ARM.Collect$$libinit$$0000001B          0x0000033a   Section        0  libinit2.o(.ARM.Collect$$libinit$$0000001B)
    .ARM.Collect$$libinit$$0000001D          0x0000033a   Section        0  libinit2.o(.ARM.Collect$$libinit$$0000001D)
    .ARM.Collect$$libinit$$0000001F          0x0000033a   Section        0  libinit2.o(.ARM.Collect$$libinit$$0000001F)
    .ARM.Collect$$libinit$$00000021          0x0000033a   Section        0  libinit2.o(.ARM.Collect$$libinit$$00000021)
    .ARM.Collect$$libinit$$00000023          0x0000033a   Section        0  libinit2.o(.ARM.Collect$$libinit$$00000023)
    .ARM.Collect$$libinit$$0000002A          0x0000033a   Section        0  libinit2.o(.ARM.Collect$$libinit$$0000002A)
    .ARM.Collect$$libinit$$0000002C          0x0000033a   Section        0  libinit2.o(.ARM.Collect$$libinit$$0000002C)
    .ARM.Collect$$libinit$$0000002E          0x0000033a   Section        0  libinit2.o(.ARM.Collect$$libinit$$0000002E)
    .ARM.Collect$$libinit$$00000030          0x0000033a   Section        0  libinit2.o(.ARM.Collect$$libinit$$00000030)
    .ARM.Collect$$libinit$$00000031          0x0000033a   Section        2  libinit2.o(.ARM.Collect$$libinit$$00000031)
    .ARM.Collect$$libshutdown$$00000000      0x0000033c   Section        2  libshutdown.o(.ARM.Collect$$libshutdown$$00000000)
    .ARM.Collect$$libshutdown$$00000003      0x0000033e   Section        0  libshutdown2.o(.ARM.Collect$$libshutdown$$00000003)
    .ARM.Collect$$libshutdown$$00000006      0x0000033e   Section        0  libshutdown2.o(.ARM.Collect$$libshutdown$$00000006)
    .ARM.Collect$$libshutdown$$00000009      0x0000033e   Section        0  libshutdown2.o(.ARM.Collect$$libshutdown$$00000009)
    .ARM.Collect$$libshutdown$$0000000B      0x0000033e   Section        0  libshutdown2.o(.ARM.Collect$$libshutdown$$0000000B)
    .ARM.Collect$$libshutdown$$0000000E      0x0000033e   Section        0  libshutdown2.o(.ARM.Collect$$libshutdown$$0000000E)
    .ARM.Collect$$libshutdown$$0000000F      0x0000033e   Section        2  libshutdown2.o(.ARM.Collect$$libshutdown$$0000000F)
    .ARM.Collect$$rtentry$$00000000          0x00000340   Section        0  rtentry.o(.ARM.Collect$$rtentry$$00000000)
    .ARM.Collect$$rtentry$$00000002          0x00000340   Section        0  rtentry2.o(.ARM.Collect$$rtentry$$00000002)
    .ARM.Collect$$rtentry$$00000004          0x00000340   Section        6  rtentry4.o(.ARM.Collect$$rtentry$$00000004)
    .ARM.Collect$$rtentry$$00000009          0x00000346   Section        0  rtentry2.o(.ARM.Collect$$rtentry$$00000009)
    .ARM.Collect$$rtentry$$0000000A          0x00000346   Section        4  rtentry2.o(.ARM.Collect$$rtentry$$0000000A)
    .ARM.Collect$$rtentry$$0000000C          0x0000034a   Section        0  rtentry2.o(.ARM.Collect$$rtentry$$0000000C)
    .ARM.Collect$$rtentry$$0000000D          0x0000034a   Section        8  rtentry2.o(.ARM.Collect$$rtentry$$0000000D)
    .ARM.Collect$$rtexit$$00000000           0x00000352   Section        2  rtexit.o(.ARM.Collect$$rtexit$$00000000)
    .ARM.Collect$$rtexit$$00000002           0x00000354   Section        0  rtexit2.o(.ARM.Collect$$rtexit$$00000002)
    .ARM.Collect$$rtexit$$00000003           0x00000354   Section        4  rtexit2.o(.ARM.Collect$$rtexit$$00000003)
    .ARM.Collect$$rtexit$$00000004           0x00000358   Section        6  rtexit2.o(.ARM.Collect$$rtexit$$00000004)
    .text                                    0x00000360   Section       48  startup.o(.text)
    .text                                    0x00000390   Section       60  random.o(.text)
    .text                                    0x000003cc   Section       76  lcd.o(.text)
    .text                                    0x00000418   Section      272  print.o(.text)
    star                                     0x00000418   Data           1  print.o(.text)
    .text                                    0x00000528   Section        0  texas.o(.text)
    .text                                    0x000009c8   Section        0  heapauxi.o(.text)
    .text                                    0x000009ce   Section       74  sys_stackheap_outer.o(.text)
    .text                                    0x00000a18   Section        0  exit.o(.text)
    .text                                    0x00000a24   Section        8  libspace.o(.text)
    .text                                    0x00000a2c   Section        0  sys_exit.o(.text)
    .text                                    0x00000a38   Section        2  use_no_semi.o(.text)
    .text                                    0x00000a3a   Section        0  indicate_semi.o(.text)
    i.ADC_In                                 0x00000a3c   Section        0  adc.o(i.ADC_In)
    i.ADC_Init                               0x00000a74   Section        0  adc.o(i.ADC_Init)
    i.Bullet_Init                            0x00000b34   Section        0  spaceinvaders.o(i.Bullet_Init)
    i.DAC_Init                               0x00000b58   Section        0  dac.o(i.DAC_Init)
    i.DAC_Out                                0x00000bb0   Section        0  dac.o(i.DAC_Out)
    i.Delay100ms                             0x00000bcc   Section        0  spaceinvaders.o(i.Delay100ms)
    i.Delay1ms                               0x00000bf0   Section        0  st7735.o(i.Delay1ms)
    i.EdgeCounter_Init                       0x00000c10   Section        0  spaceinvaders.o(i.EdgeCounter_Init)
    i.Enemy_Init                             0x00000ce8   Section        0  spaceinvaders.o(i.Enemy_Init)
    i.GPIOPortF_Handler                      0x00000d08   Section        0  spaceinvaders.o(i.GPIOPortF_Handler)
    i.Output_Init                            0x00000d7c   Section        0  st7735.o(i.Output_Init)
    i.PortE_Init                             0x00000d8c   Section        0  spaceinvaders.o(i.PortE_Init)
    i.ST7735_DrawBitmap                      0x00000dec   Section        0  st7735.o(i.ST7735_DrawBitmap)
    i.ST7735_DrawCharS                       0x00000f0c   Section        0  st7735.o(i.ST7735_DrawCharS)
    i.ST7735_DrawPixel                       0x00001000   Section        0  st7735.o(i.ST7735_DrawPixel)
    i.ST7735_DrawString                      0x00001048   Section        0  st7735.o(i.ST7735_DrawString)
    i.ST7735_FillRect                        0x000010a0   Section        0  st7735.o(i.ST7735_FillRect)
    i.ST7735_FillScreen                      0x0000114c   Section        0  st7735.o(i.ST7735_FillScreen)
    i.ST7735_InitR                           0x00001170   Section        0  st7735.o(i.ST7735_InitR)
    i.ST7735_OutChar                         0x000011ec   Section        0  st7735.o(i.ST7735_OutChar)
    i.ST7735_OutString                       0x000012c0   Section        0  st7735.o(i.ST7735_OutString)
    i.ST7735_SetCursor                       0x000012d8   Section        0  st7735.o(i.ST7735_SetCursor)
    i.Sound_BangSFX                          0x000012f8   Section        0  sound.o(i.Sound_BangSFX)
    i.Sound_DyingSFX                         0x0000130c   Section        0  sound.o(i.Sound_DyingSFX)
    i.Sound_ExplosionSFX                     0x00001320   Section        0  sound.o(i.Sound_ExplosionSFX)
    i.Sound_FootstepsSFX                     0x00001334   Section        0  sound.o(i.Sound_FootstepsSFX)
    i.Sound_GunShotSFX                       0x00001348   Section        0  sound.o(i.Sound_GunShotSFX)
    i.Sound_Init                             0x0000135c   Section        0  sound.o(i.Sound_Init)
    i.Sound_OhNoSFX                          0x00001364   Section        0  sound.o(i.Sound_OhNoSFX)
    i.Sound_Play                             0x00001378   Section        0  sound.o(i.Sound_Play)
    i.SysTick_Handler                        0x0000138c   Section        0  spaceinvaders.o(i.SysTick_Handler)
    i.SysTick_Init                           0x000014d4   Section        0  systick.o(i.SysTick_Init)
    i.Timer0A_Handler                        0x00001510   Section        0  timer0.o(i.Timer0A_Handler)
    i.Timer0_Init                            0x00001528   Section        0  timer0.o(i.Timer0_Init)
    i.Timer1A_Handler                        0x0000159c   Section        0  timer1.o(i.Timer1A_Handler)
    i.Update_Bullets                         0x000015b4   Section        0  spaceinvaders.o(i.Update_Bullets)
    i.UserTask                               0x000016cc   Section        0  sound.o(i.UserTask)
    i.checkEnemyDead                         0x000016fc   Section        0  spaceinvaders.o(i.checkEnemyDead)
    i.checkShooterDead                       0x00001900   Section        0  spaceinvaders.o(i.checkShooterDead)
    i.clearDeadItems                         0x00001968   Section        0  spaceinvaders.o(i.clearDeadItems)
    i.commandList                            0x00001a28   Section        0  st7735.o(i.commandList)
    commandList                              0x00001a29   Thumb Code    86  st7735.o(i.commandList)
    i.commonInit                             0x00001a80   Section        0  st7735.o(i.commonInit)
    commonInit                               0x00001a81   Thumb Code   340  st7735.o(i.commonInit)
    i.deployEnemies                          0x00001c04   Section        0  spaceinvaders.o(i.deployEnemies)
    i.displayBombsLeft                       0x00001d3c   Section        0  spaceinvaders.o(i.displayBombsLeft)
    i.displayScore                           0x00001d6c   Section        0  spaceinvaders.o(i.displayScore)
    i.dropBomb                               0x00001e54   Section        0  spaceinvaders.o(i.dropBomb)
    i.mag                                    0x00001ec4   Section        0  spaceinvaders.o(i.mag)
    i.main                                   0x00001ee4   Section        0  spaceinvaders.o(i.main)
    i.newBulletCheck                         0x00002368   Section        0  spaceinvaders.o(i.newBulletCheck)
    i.pushColor                              0x00002478   Section        0  st7735.o(i.pushColor)
    pushColor                                0x00002479   Thumb Code    18  st7735.o(i.pushColor)
    i.setAddrWindow                          0x0000248c   Section        0  st7735.o(i.setAddrWindow)
    setAddrWindow                            0x0000248d   Thumb Code   106  st7735.o(i.setAddrWindow)
    i.stageChange                            0x00002500   Section        0  spaceinvaders.o(i.stageChange)
    i.updateEnemy                            0x000027a8   Section        0  spaceinvaders.o(i.updateEnemy)
    .constdata                               0x00002ac0   Section    36459  sound.o(.constdata)
    .constdata                               0x0000b92c   Section    42532  spaceinvaders.o(.constdata)
    .constdata                               0x00015f50   Section     2018  st7735.o(.constdata)
    Font                                     0x00015f50   Data        1275  st7735.o(.constdata)
    Bcmd                                     0x0001644b   Data         103  st7735.o(.constdata)
    Rcmd1                                    0x000164b2   Data          59  st7735.o(.constdata)
    Rcmd2green                               0x000164ed   Data          13  st7735.o(.constdata)
    Rcmd2red                                 0x000164fa   Data          13  st7735.o(.constdata)
    Rcmd3                                    0x00016507   Data          43  st7735.o(.constdata)
    .constdata                               0x00016732   Section      240  texas.o(.constdata)
    .data                                    0x20000000   Section        4  timer0.o(.data)
    .data                                    0x20000004   Section        4  timer1.o(.data)
    .data                                    0x20000008   Section        8  sound.o(.data)
    .data                                    0x20000010   Section      336  spaceinvaders.o(.data)
    bulletTime                               0x20000140   Data           4  spaceinvaders.o(.data)
    Espeed                                   0x20000144   Data           1  spaceinvaders.o(.data)
    Epos                                     0x20000145   Data           1  spaceinvaders.o(.data)
    Echangepos                               0x20000146   Data           1  spaceinvaders.o(.data)
    changepos                                0x20000147   Data           1  spaceinvaders.o(.data)
    pos                                      0x20000148   Data           1  spaceinvaders.o(.data)
    soundct                                  0x2000014a   Data           2  spaceinvaders.o(.data)
    .data                                    0x20000160   Section       44  st7735.o(.data)
    _width                                   0x2000016a   Data           2  st7735.o(.data)
    _height                                  0x2000016c   Data           2  st7735.o(.data)
    ColStart                                 0x20000174   Data           1  st7735.o(.data)
    RowStart                                 0x20000175   Data           1  st7735.o(.data)
    Rotation                                 0x20000176   Data           1  st7735.o(.data)
    TabColor                                 0x20000177   Data           1  st7735.o(.data)
    .data                                    0x2000018c   Section       48  texas.o(.data)
    DATA                                     0x200001bc   Section        4  random.o(DATA)
    M                                        0x200001bc   Data           4  random.o(DATA)
    .bss                                     0x200001c0   Section      372  spaceinvaders.o(.bss)
    .bss                                     0x20000338   Section       56  texas.o(.bss)
    .bss                                     0x20000370   Section       96  libspace.o(.bss)
    HEAP                                     0x200003d0   Section        0  startup.o(HEAP)
    STACK                                    0x200003d0   Section     1024  startup.o(STACK)
    HeapMem                                  0x200003d0   Data           0  startup.o(HEAP)
    StackMem                                 0x200003d0   Data           0  startup.o(STACK)

    Global Symbols

    Symbol Name                              Value     Ov Type        Size  Object(Section)

    BuildAttributes$$THM_ISAv4$E$P$D$K$B$S$7EM$PE$A:L22UL41UL21$X:L11$S22US41US21$IEEE1$IW$USESV6$~STKCKD$USESV7$~SHL$OSPACE$ROPI$EBA8$UX$STANDARDLIB$REQ8$PRES8$EABIv2 0x00000000   Number         0  anon$$obj.o ABSOLUTE
    __ARM_use_no_argv                        0x00000000   Number         0  spaceinvaders.o ABSOLUTE
    __Vectors                                0x00000000   Data           0  startup.o(RESET)
    __ARM_exceptions_init                     - Undefined Weak Reference
    __alloca_initialize                       - Undefined Weak Reference
    __cpp_initialize__aeabi_                  - Undefined Weak Reference
    __cxa_finalize                            - Undefined Weak Reference
    __rt_locale                               - Undefined Weak Reference
    __sigvec_lookup                           - Undefined Weak Reference
    _atexit_init                              - Undefined Weak Reference
    _call_atexit_fns                          - Undefined Weak Reference
    _clock_init                               - Undefined Weak Reference
    _fp_trap_init                             - Undefined Weak Reference
    _fp_trap_shutdown                         - Undefined Weak Reference
    _get_lc_collate                           - Undefined Weak Reference
    _get_lc_ctype                             - Undefined Weak Reference
    _get_lc_monetary                          - Undefined Weak Reference
    _get_lc_numeric                           - Undefined Weak Reference
    _get_lc_time                              - Undefined Weak Reference
    _getenv_init                              - Undefined Weak Reference
    _handle_redirection                       - Undefined Weak Reference
    _init_alloc                               - Undefined Weak Reference
    _init_user_alloc                          - Undefined Weak Reference
    _initio                                   - Undefined Weak Reference
    _rand_init                                - Undefined Weak Reference
    _signal_finish                            - Undefined Weak Reference
    _signal_init                              - Undefined Weak Reference
    _terminate_alloc                          - Undefined Weak Reference
    _terminate_user_alloc                     - Undefined Weak Reference
    _terminateio                              - Undefined Weak Reference
    Reset_Handler                            0x0000026d   Thumb Code     0  startup.o(RESET)
    NMI_Handler                              0x00000271   Thumb Code     2  startup.o(RESET)
    HardFault_Handler                        0x00000273   Thumb Code     2  startup.o(RESET)
    MemManage_Handler                        0x00000275   Thumb Code     2  startup.o(RESET)
    BusFault_Handler                         0x00000277   Thumb Code     2  startup.o(RESET)
    UsageFault_Handler                       0x00000279   Thumb Code     2  startup.o(RESET)
    SVC_Handler                              0x0000027b   Thumb Code     2  startup.o(RESET)
    DebugMon_Handler                         0x0000027d   Thumb Code     2  startup.o(RESET)
    PendSV_Handler                           0x0000027f   Thumb Code     2  startup.o(RESET)
    ADC0Seq0_Handler                         0x00000283   Thumb Code     0  startup.o(RESET)
    ADC0Seq1_Handler                         0x00000283   Thumb Code     0  startup.o(RESET)
    ADC0Seq2_Handler                         0x00000283   Thumb Code     0  startup.o(RESET)
    ADC0Seq3_Handler                         0x00000283   Thumb Code     0  startup.o(RESET)
    ADC1Seq0_Handler                         0x00000283   Thumb Code     0  startup.o(RESET)
    ADC1Seq1_Handler                         0x00000283   Thumb Code     0  startup.o(RESET)
    ADC1Seq2_Handler                         0x00000283   Thumb Code     0  startup.o(RESET)
    ADC1Seq3_Handler                         0x00000283   Thumb Code     0  startup.o(RESET)
    CAN0_Handler                             0x00000283   Thumb Code     0  startup.o(RESET)
    CAN1_Handler                             0x00000283   Thumb Code     0  startup.o(RESET)
    CAN2_Handler                             0x00000283   Thumb Code     0  startup.o(RESET)
    Comp0_Handler                            0x00000283   Thumb Code     0  startup.o(RESET)
    Comp1_Handler                            0x00000283   Thumb Code     0  startup.o(RESET)
    Comp2_Handler                            0x00000283   Thumb Code     0  startup.o(RESET)
    Ethernet_Handler                         0x00000283   Thumb Code     0  startup.o(RESET)
    ExtBus_Handler                           0x00000283   Thumb Code     0  startup.o(RESET)
    FPU_Handler                              0x00000283   Thumb Code     0  startup.o(RESET)
    Fan0_Handler                             0x00000283   Thumb Code     0  startup.o(RESET)
    FlashCtl_Handler                         0x00000283   Thumb Code     0  startup.o(RESET)
    GPIOPortA_Handler                        0x00000283   Thumb Code     0  startup.o(RESET)
    GPIOPortB_Handler                        0x00000283   Thumb Code     0  startup.o(RESET)
    GPIOPortC_Handler                        0x00000283   Thumb Code     0  startup.o(RESET)
    GPIOPortD_Handler                        0x00000283   Thumb Code     0  startup.o(RESET)
    GPIOPortE_Handler                        0x00000283   Thumb Code     0  startup.o(RESET)
    GPIOPortG_Handler                        0x00000283   Thumb Code     0  startup.o(RESET)
    GPIOPortH_Handler                        0x00000283   Thumb Code     0  startup.o(RESET)
    GPIOPortJ_Handler                        0x00000283   Thumb Code     0  startup.o(RESET)
    GPIOPortK_Handler                        0x00000283   Thumb Code     0  startup.o(RESET)
    GPIOPortL_Handler                        0x00000283   Thumb Code     0  startup.o(RESET)
    GPIOPortM_Handler                        0x00000283   Thumb Code     0  startup.o(RESET)
    GPIOPortN_Handler                        0x00000283   Thumb Code     0  startup.o(RESET)
    GPIOPortP1_Handler                       0x00000283   Thumb Code     0  startup.o(RESET)
    GPIOPortP2_Handler                       0x00000283   Thumb Code     0  startup.o(RESET)
    GPIOPortP3_Handler                       0x00000283   Thumb Code     0  startup.o(RESET)
    GPIOPortP4_Handler                       0x00000283   Thumb Code     0  startup.o(RESET)
    GPIOPortP5_Handler                       0x00000283   Thumb Code     0  startup.o(RESET)
    GPIOPortP6_Handler                       0x00000283   Thumb Code     0  startup.o(RESET)
    GPIOPortP7_Handler                       0x00000283   Thumb Code     0  startup.o(RESET)
    GPIOPortP_Handler                        0x00000283   Thumb Code     0  startup.o(RESET)
    GPIOPortQ1_Handler                       0x00000283   Thumb Code     0  startup.o(RESET)
    GPIOPortQ2_Handler                       0x00000283   Thumb Code     0  startup.o(RESET)
    GPIOPortQ3_Handler                       0x00000283   Thumb Code     0  startup.o(RESET)
    GPIOPortQ4_Handler                       0x00000283   Thumb Code     0  startup.o(RESET)
    GPIOPortQ5_Handler                       0x00000283   Thumb Code     0  startup.o(RESET)
    GPIOPortQ6_Handler                       0x00000283   Thumb Code     0  startup.o(RESET)
    GPIOPortQ7_Handler                       0x00000283   Thumb Code     0  startup.o(RESET)
    GPIOPortQ_Handler                        0x00000283   Thumb Code     0  startup.o(RESET)
    GPIOPortR_Handler                        0x00000283   Thumb Code     0  startup.o(RESET)
    GPIOPortS_Handler                        0x00000283   Thumb Code     0  startup.o(RESET)
    Hibernate_Handler                        0x00000283   Thumb Code     0  startup.o(RESET)
    I2C0_Handler                             0x00000283   Thumb Code     0  startup.o(RESET)
    I2C1_Handler                             0x00000283   Thumb Code     0  startup.o(RESET)
    I2C2_Handler                             0x00000283   Thumb Code     0  startup.o(RESET)
    I2C3_Handler                             0x00000283   Thumb Code     0  startup.o(RESET)
    I2C4_Handler                             0x00000283   Thumb Code     0  startup.o(RESET)
    I2C5_Handler                             0x00000283   Thumb Code     0  startup.o(RESET)
    I2S0_Handler                             0x00000283   Thumb Code     0  startup.o(RESET)
    LPC0_Handler                             0x00000283   Thumb Code     0  startup.o(RESET)
    PECI0_Handler                            0x00000283   Thumb Code     0  startup.o(RESET)
    PWM0Fault_Handler                        0x00000283   Thumb Code     0  startup.o(RESET)
    PWM0Generator0_Handler                   0x00000283   Thumb Code     0  startup.o(RESET)
    PWM0Generator1_Handler                   0x00000283   Thumb Code     0  startup.o(RESET)
    PWM0Generator2_Handler                   0x00000283   Thumb Code     0  startup.o(RESET)
    PWM0Generator3_Handler                   0x00000283   Thumb Code     0  startup.o(RESET)
    PWM1Fault_Handler                        0x00000283   Thumb Code     0  startup.o(RESET)
    PWM1Generator0_Handler                   0x00000283   Thumb Code     0  startup.o(RESET)
    PWM1Generator1_Handler                   0x00000283   Thumb Code     0  startup.o(RESET)
    PWM1Generator2_Handler                   0x00000283   Thumb Code     0  startup.o(RESET)
    PWM1Generator3_Handler                   0x00000283   Thumb Code     0  startup.o(RESET)
    Quadrature0_Handler                      0x00000283   Thumb Code     0  startup.o(RESET)
    Quadrature1_Handler                      0x00000283   Thumb Code     0  startup.o(RESET)
    Quadrature2_Handler                      0x00000283   Thumb Code     0  startup.o(RESET)
    SSI0_Handler                             0x00000283   Thumb Code     0  startup.o(RESET)
    SSI1_Handler                             0x00000283   Thumb Code     0  startup.o(RESET)
    SSI2_Handler                             0x00000283   Thumb Code     0  startup.o(RESET)
    SSI3_Handler                             0x00000283   Thumb Code     0  startup.o(RESET)
    SysCtl_Handler                           0x00000283   Thumb Code     0  startup.o(RESET)
    Timer0B_Handler                          0x00000283   Thumb Code     0  startup.o(RESET)
    Timer1B_Handler                          0x00000283   Thumb Code     0  startup.o(RESET)
    Timer2A_Handler                          0x00000283   Thumb Code     0  startup.o(RESET)
    Timer2B_Handler                          0x00000283   Thumb Code     0  startup.o(RESET)
    Timer3A_Handler                          0x00000283   Thumb Code     0  startup.o(RESET)
    Timer3B_Handler                          0x00000283   Thumb Code     0  startup.o(RESET)
    Timer4B_Handler                          0x00000283   Thumb Code     0  startup.o(RESET)
    Timer5B_Handler                          0x00000283   Thumb Code     0  startup.o(RESET)
    UART0_Handler                            0x00000283   Thumb Code     0  startup.o(RESET)
    UART1_Handler                            0x00000283   Thumb Code     0  startup.o(RESET)
    UART2_Handler                            0x00000283   Thumb Code     0  startup.o(RESET)
    UART3_Handler                            0x00000283   Thumb Code     0  startup.o(RESET)
    UART4_Handler                            0x00000283   Thumb Code     0  startup.o(RESET)
    UART5_Handler                            0x00000283   Thumb Code     0  startup.o(RESET)
    UART6_Handler                            0x00000283   Thumb Code     0  startup.o(RESET)
    UART7_Handler                            0x00000283   Thumb Code     0  startup.o(RESET)
    USB0_Handler                             0x00000283   Thumb Code     0  startup.o(RESET)
    WDT_Handler                              0x00000283   Thumb Code     0  startup.o(RESET)
    WideTimer0A_Handler                      0x00000283   Thumb Code     0  startup.o(RESET)
    WideTimer0B_Handler                      0x00000283   Thumb Code     0  startup.o(RESET)
    WideTimer1A_Handler                      0x00000283   Thumb Code     0  startup.o(RESET)
    WideTimer1B_Handler                      0x00000283   Thumb Code     0  startup.o(RESET)
    WideTimer2A_Handler                      0x00000283   Thumb Code     0  startup.o(RESET)
    WideTimer2B_Handler                      0x00000283   Thumb Code     0  startup.o(RESET)
    WideTimer3A_Handler                      0x00000283   Thumb Code     0  startup.o(RESET)
    WideTimer3B_Handler                      0x00000283   Thumb Code     0  startup.o(RESET)
    WideTimer4A_Handler                      0x00000283   Thumb Code     0  startup.o(RESET)
    WideTimer4B_Handler                      0x00000283   Thumb Code     0  startup.o(RESET)
    WideTimer5A_Handler                      0x00000283   Thumb Code     0  startup.o(RESET)
    WideTimer5B_Handler                      0x00000283   Thumb Code     0  startup.o(RESET)
    uDMA_Error                               0x00000283   Thumb Code     0  startup.o(RESET)
    uDMA_Handler                             0x00000283   Thumb Code     0  startup.o(RESET)
    __main                                   0x00000285   Thumb Code     8  __main.o(!!!main)
    __scatterload                            0x0000028d   Thumb Code     0  __scatter.o(!!!scatter)
    __scatterload_rt2                        0x0000028d   Thumb Code    44  __scatter.o(!!!scatter)
    __scatterload_rt2_thumb_only             0x0000028d   Thumb Code     0  __scatter.o(!!!scatter)
    __scatterload_null                       0x0000029b   Thumb Code     0  __scatter.o(!!!scatter)
    __decompress                             0x000002c1   Thumb Code    90  __dczerorl2.o(!!dczerorl2)
    __decompress1                            0x000002c1   Thumb Code     0  __dczerorl2.o(!!dczerorl2)
    __scatterload_zeroinit                   0x0000031d   Thumb Code    28  __scatter_zi.o(!!handler_zi)
    __rt_lib_init                            0x00000339   Thumb Code     0  libinit.o(.ARM.Collect$$libinit$$00000000)
    __rt_lib_init_alloca_1                   0x0000033b   Thumb Code     0  libinit2.o(.ARM.Collect$$libinit$$0000002C)
    __rt_lib_init_argv_1                     0x0000033b   Thumb Code     0  libinit2.o(.ARM.Collect$$libinit$$0000002A)
    __rt_lib_init_atexit_1                   0x0000033b   Thumb Code     0  libinit2.o(.ARM.Collect$$libinit$$00000019)
    __rt_lib_init_clock_1                    0x0000033b   Thumb Code     0  libinit2.o(.ARM.Collect$$libinit$$0000001F)
    __rt_lib_init_cpp_1                      0x0000033b   Thumb Code     0  libinit2.o(.ARM.Collect$$libinit$$00000030)
    __rt_lib_init_exceptions_1               0x0000033b   Thumb Code     0  libinit2.o(.ARM.Collect$$libinit$$0000002E)
    __rt_lib_init_fp_1                       0x0000033b   Thumb Code     0  libinit2.o(.ARM.Collect$$libinit$$00000002)
    __rt_lib_init_fp_trap_1                  0x0000033b   Thumb Code     0  libinit2.o(.ARM.Collect$$libinit$$0000001D)
    __rt_lib_init_getenv_1                   0x0000033b   Thumb Code     0  libinit2.o(.ARM.Collect$$libinit$$00000021)
    __rt_lib_init_heap_1                     0x0000033b   Thumb Code     0  libinit2.o(.ARM.Collect$$libinit$$00000008)
    __rt_lib_init_lc_collate_1               0x0000033b   Thumb Code     0  libinit2.o(.ARM.Collect$$libinit$$0000000F)
    __rt_lib_init_lc_ctype_1                 0x0000033b   Thumb Code     0  libinit2.o(.ARM.Collect$$libinit$$00000011)
    __rt_lib_init_lc_monetary_1              0x0000033b   Thumb Code     0  libinit2.o(.ARM.Collect$$libinit$$00000013)
    __rt_lib_init_lc_numeric_1               0x0000033b   Thumb Code     0  libinit2.o(.ARM.Collect$$libinit$$00000015)
    __rt_lib_init_lc_time_1                  0x0000033b   Thumb Code     0  libinit2.o(.ARM.Collect$$libinit$$00000017)
    __rt_lib_init_rand_1                     0x0000033b   Thumb Code     0  libinit2.o(.ARM.Collect$$libinit$$0000000C)
    __rt_lib_init_return                     0x0000033b   Thumb Code     0  libinit2.o(.ARM.Collect$$libinit$$00000031)
    __rt_lib_init_signal_1                   0x0000033b   Thumb Code     0  libinit2.o(.ARM.Collect$$libinit$$0000001B)
    __rt_lib_init_stdio_1                    0x0000033b   Thumb Code     0  libinit2.o(.ARM.Collect$$libinit$$00000023)
    __rt_lib_init_user_alloc_1               0x0000033b   Thumb Code     0  libinit2.o(.ARM.Collect$$libinit$$0000000A)
    __rt_lib_shutdown                        0x0000033d   Thumb Code     0  libshutdown.o(.ARM.Collect$$libshutdown$$00000000)
    __rt_lib_shutdown_fp_trap_1              0x0000033f   Thumb Code     0  libshutdown2.o(.ARM.Collect$$libshutdown$$00000006)
    __rt_lib_shutdown_heap_1                 0x0000033f   Thumb Code     0  libshutdown2.o(.ARM.Collect$$libshutdown$$0000000E)
    __rt_lib_shutdown_return                 0x0000033f   Thumb Code     0  libshutdown2.o(.ARM.Collect$$libshutdown$$0000000F)
    __rt_lib_shutdown_signal_1               0x0000033f   Thumb Code     0  libshutdown2.o(.ARM.Collect$$libshutdown$$00000009)
    __rt_lib_shutdown_stdio_1                0x0000033f   Thumb Code     0  libshutdown2.o(.ARM.Collect$$libshutdown$$00000003)
    __rt_lib_shutdown_user_alloc_1           0x0000033f   Thumb Code     0  libshutdown2.o(.ARM.Collect$$libshutdown$$0000000B)
    __rt_entry                               0x00000341   Thumb Code     0  rtentry.o(.ARM.Collect$$rtentry$$00000000)
    __rt_entry_presh_1                       0x00000341   Thumb Code     0  rtentry2.o(.ARM.Collect$$rtentry$$00000002)
    __rt_entry_sh                            0x00000341   Thumb Code     0  rtentry4.o(.ARM.Collect$$rtentry$$00000004)
    __rt_entry_li                            0x00000347   Thumb Code     0  rtentry2.o(.ARM.Collect$$rtentry$$0000000A)
    __rt_entry_postsh_1                      0x00000347   Thumb Code     0  rtentry2.o(.ARM.Collect$$rtentry$$00000009)
    __rt_entry_main                          0x0000034b   Thumb Code     0  rtentry2.o(.ARM.Collect$$rtentry$$0000000D)
    __rt_entry_postli_1                      0x0000034b   Thumb Code     0  rtentry2.o(.ARM.Collect$$rtentry$$0000000C)
    __rt_exit                                0x00000353   Thumb Code     0  rtexit.o(.ARM.Collect$$rtexit$$00000000)
    __rt_exit_ls                             0x00000355   Thumb Code     0  rtexit2.o(.ARM.Collect$$rtexit$$00000003)
    __rt_exit_prels_1                        0x00000355   Thumb Code     0  rtexit2.o(.ARM.Collect$$rtexit$$00000002)
    __rt_exit_exit                           0x00000359   Thumb Code     0  rtexit2.o(.ARM.Collect$$rtexit$$00000004)
    DisableInterrupts                        0x00000361   Thumb Code     0  startup.o(.text)
    EnableInterrupts                         0x00000365   Thumb Code     0  startup.o(.text)
    StartCritical                            0x00000369   Thumb Code     0  startup.o(.text)
    EndCritical                              0x00000371   Thumb Code     0  startup.o(.text)
    WaitForInterrupt                         0x00000377   Thumb Code     0  startup.o(.text)
    __user_initial_stackheap                 0x0000037b   Thumb Code     0  startup.o(.text)
    Random_Init                              0x00000391   Thumb Code     0  random.o(.text)
    Random32                                 0x00000397   Thumb Code     2  random.o(.text)
    Random                                   0x000003a9   Thumb Code     2  random.o(.text)
    writecommand                             0x000003cd   Thumb Code     0  lcd.o(.text)
    writedata                                0x000003f3   Thumb Code     0  lcd.o(.text)
    LCD_OutDec                               0x0000041f   Thumb Code     0  print.o(.text)
    LCD_OutFix                               0x00000489   Thumb Code     0  print.o(.text)
    ADC1_Init                                0x00000529   Thumb Code   170  texas.o(.text)
    SetCode                                  0x000005d3   Thumb Code    20  texas.o(.text)
    UART0_Init                               0x000005e7   Thumb Code   162  texas.o(.text)
    SetCourse                                0x00000689   Thumb Code    22  texas.o(.text)
    PLL_Init                                 0x0000069f   Thumb Code   118  texas.o(.text)
    TExaS_Init                               0x00000715   Thumb Code   282  texas.o(.text)
    StopTimer4                               0x0000082f   Thumb Code    16  texas.o(.text)
    StartTimer4                              0x0000083f   Thumb Code    24  texas.o(.text)
    Timer4A_Handler                          0x00000857   Thumb Code    20  texas.o(.text)
    ADC1_In                                  0x0000086b   Thumb Code     6  texas.o(.text)
    Timer5A_Handler                          0x00000871   Thumb Code    34  texas.o(.text)
    TExaS_Stop                               0x00000893   Thumb Code    18  texas.o(.text)
    copy                                     0x000008a5   Thumb Code    16  texas.o(.text)
    SetMode                                  0x000008b5   Thumb Code    22  texas.o(.text)
    UART0_InChar                             0x000008cb   Thumb Code    20  texas.o(.text)
    UART0_InCharNonBlocking                  0x000008df   Thumb Code    22  texas.o(.text)
    UART0_OutChar                            0x000008f5   Thumb Code   200  texas.o(.text)
    UART0_OutCharNonBlock                    0x000009bd   Thumb Code     6  texas.o(.text)
    __use_two_region_memory                  0x000009c9   Thumb Code     2  heapauxi.o(.text)
    __rt_heap_escrow$2region                 0x000009cb   Thumb Code     2  heapauxi.o(.text)
    __rt_heap_expand$2region                 0x000009cd   Thumb Code     2  heapauxi.o(.text)
    __user_setup_stackheap                   0x000009cf   Thumb Code    74  sys_stackheap_outer.o(.text)
    exit                                     0x00000a19   Thumb Code    12  exit.o(.text)
    __user_libspace                          0x00000a25   Thumb Code     8  libspace.o(.text)
    __user_perproc_libspace                  0x00000a25   Thumb Code     0  libspace.o(.text)
    __user_perthread_libspace                0x00000a25   Thumb Code     0  libspace.o(.text)
    _sys_exit                                0x00000a2d   Thumb Code     8  sys_exit.o(.text)
    __I$use$semihosting                      0x00000a39   Thumb Code     0  use_no_semi.o(.text)
    __use_no_semihosting_swi                 0x00000a39   Thumb Code     2  use_no_semi.o(.text)
    __semihosting_library_function           0x00000a3b   Thumb Code     0  indicate_semi.o(.text)
    ADC_In                                   0x00000a3d   Thumb Code    48  adc.o(i.ADC_In)
    ADC_Init                                 0x00000a75   Thumb Code   168  adc.o(i.ADC_Init)
    Bullet_Init                              0x00000b35   Thumb Code    32  spaceinvaders.o(i.Bullet_Init)
    DAC_Init                                 0x00000b59   Thumb Code    76  dac.o(i.DAC_Init)
    DAC_Out                                  0x00000bb1   Thumb Code    20  dac.o(i.DAC_Out)
    Delay100ms                               0x00000bcd   Thumb Code    30  spaceinvaders.o(i.Delay100ms)
    Delay1ms                                 0x00000bf1   Thumb Code    32  st7735.o(i.Delay1ms)
    EdgeCounter_Init                         0x00000c11   Thumb Code   192  spaceinvaders.o(i.EdgeCounter_Init)
    Enemy_Init                               0x00000ce9   Thumb Code    26  spaceinvaders.o(i.Enemy_Init)
    GPIOPortF_Handler                        0x00000d09   Thumb Code    92  spaceinvaders.o(i.GPIOPortF_Handler)
    Output_Init                              0x00000d7d   Thumb Code    16  st7735.o(i.Output_Init)
    PortE_Init                               0x00000d8d   Thumb Code    82  spaceinvaders.o(i.PortE_Init)
    ST7735_DrawBitmap                        0x00000ded   Thumb Code   280  st7735.o(i.ST7735_DrawBitmap)
    ST7735_DrawCharS                         0x00000f0d   Thumb Code   232  st7735.o(i.ST7735_DrawCharS)
    ST7735_DrawPixel                         0x00001001   Thumb Code    64  st7735.o(i.ST7735_DrawPixel)
    ST7735_DrawString                        0x00001049   Thumb Code    86  st7735.o(i.ST7735_DrawString)
    ST7735_FillRect                          0x000010a1   Thumb Code   164  st7735.o(i.ST7735_FillRect)
    ST7735_FillScreen                        0x0000114d   Thumb Code    28  st7735.o(i.ST7735_FillScreen)
    ST7735_InitR                             0x00001171   Thumb Code    90  st7735.o(i.ST7735_InitR)
    ST7735_OutChar                           0x000011ed   Thumb Code   176  st7735.o(i.ST7735_OutChar)
    ST7735_OutString                         0x000012c1   Thumb Code    24  st7735.o(i.ST7735_OutString)
    ST7735_SetCursor                         0x000012d9   Thumb Code    22  st7735.o(i.ST7735_SetCursor)
    Sound_BangSFX                            0x000012f9   Thumb Code    14  sound.o(i.Sound_BangSFX)
    Sound_DyingSFX                           0x0000130d   Thumb Code    14  sound.o(i.Sound_DyingSFX)
    Sound_ExplosionSFX                       0x00001321   Thumb Code    14  sound.o(i.Sound_ExplosionSFX)
    Sound_FootstepsSFX                       0x00001335   Thumb Code    14  sound.o(i.Sound_FootstepsSFX)
    Sound_GunShotSFX                         0x00001349   Thumb Code    14  sound.o(i.Sound_GunShotSFX)
    Sound_Init                               0x0000135d   Thumb Code     8  sound.o(i.Sound_Init)
    Sound_OhNoSFX                            0x00001365   Thumb Code    14  sound.o(i.Sound_OhNoSFX)
    Sound_Play                               0x00001379   Thumb Code    10  sound.o(i.Sound_Play)
    SysTick_Handler                          0x0000138d   Thumb Code   286  spaceinvaders.o(i.SysTick_Handler)
    SysTick_Init                             0x000014d5   Thumb Code    50  systick.o(i.SysTick_Init)
    Timer0A_Handler                          0x00001511   Thumb Code    16  timer0.o(i.Timer0A_Handler)
    Timer0_Init                              0x00001529   Thumb Code    94  timer0.o(i.Timer0_Init)
    Timer1A_Handler                          0x0000159d   Thumb Code    16  timer1.o(i.Timer1A_Handler)
    Update_Bullets                           0x000015b5   Thumb Code   264  spaceinvaders.o(i.Update_Bullets)
    UserTask                                 0x000016cd   Thumb Code    40  sound.o(i.UserTask)
    checkEnemyDead                           0x000016fd   Thumb Code   502  spaceinvaders.o(i.checkEnemyDead)
    checkShooterDead                         0x00001901   Thumb Code    94  spaceinvaders.o(i.checkShooterDead)
    clearDeadItems                           0x00001969   Thumb Code   178  spaceinvaders.o(i.clearDeadItems)
    deployEnemies                            0x00001c05   Thumb Code   298  spaceinvaders.o(i.deployEnemies)
    displayBombsLeft                         0x00001d3d   Thumb Code    32  spaceinvaders.o(i.displayBombsLeft)
    displayScore                             0x00001d6d   Thumb Code   212  spaceinvaders.o(i.displayScore)
    dropBomb                                 0x00001e55   Thumb Code   100  spaceinvaders.o(i.dropBomb)
    mag                                      0x00001ec5   Thumb Code    30  spaceinvaders.o(i.mag)
    main                                     0x00001ee5   Thumb Code  1018  spaceinvaders.o(i.main)
    newBulletCheck                           0x00002369   Thumb Code   256  spaceinvaders.o(i.newBulletCheck)
    stageChange                              0x00002501   Thumb Code   494  spaceinvaders.o(i.stageChange)
    updateEnemy                              0x000027a9   Thumb Code   748  spaceinvaders.o(i.updateEnemy)
    OhNoSFX                                  0x00002ac0   Data       13083  sound.o(.constdata)
    BangSFX                                  0x00005ddb   Data       10124  sound.o(.constdata)
    FootstepsSFX                             0x00008567   Data        1473  sound.o(.constdata)
    ExplosionSFX                             0x00008b28   Data        4198  sound.o(.constdata)
    DyingSFX                                 0x00009b8e   Data        4263  sound.o(.constdata)
    GunShotSFX                               0x0000ac35   Data        3318  sound.o(.constdata)
    Zombieland                               0x0000b92c   Data       34240  spaceinvaders.o(.constdata)
    BulletImg                                0x00013eec   Data          98  spaceinvaders.o(.constdata)
    PlrFront                                 0x00013f4e   Data        1024  spaceinvaders.o(.constdata)
    PlrBack                                  0x0001434e   Data        1024  spaceinvaders.o(.constdata)
    PlrRight                                 0x0001474e   Data        1024  spaceinvaders.o(.constdata)
    PlrLeft                                  0x00014b4e   Data        1024  spaceinvaders.o(.constdata)
    Enemy1Front                              0x00014f4e   Data        1024  spaceinvaders.o(.constdata)
    Enemy1Back                               0x0001534e   Data        1024  spaceinvaders.o(.constdata)
    Enemy1Left                               0x0001574e   Data        1024  spaceinvaders.o(.constdata)
    Enemy1Right                              0x00015b4e   Data        1024  spaceinvaders.o(.constdata)
    numChasers                               0x00015f4e   Data           1  spaceinvaders.o(.constdata)
    numBullets                               0x00015f4f   Data           1  spaceinvaders.o(.constdata)
    dBfs                                     0x00016532   Data         512  st7735.o(.constdata)
    InputPortMsg                             0x00016732   Data          40  texas.o(.constdata)
    OutputPortMsg                            0x0001675a   Data          40  texas.o(.constdata)
    BlankMsg                                 0x00016782   Data          40  texas.o(.constdata)
    InitializedMsg                           0x000167aa   Data          40  texas.o(.constdata)
    IntroMsg                                 0x000167d2   Data          40  texas.o(.constdata)
    DoneMsg                                  0x000167fa   Data          40  texas.o(.constdata)
    Region$$Table$$Base                      0x00016824   Number         0  anon$$obj.o(Region$$Table)
    Region$$Table$$Limit                     0x00016844   Number         0  anon$$obj.o(Region$$Table)
    PeriodicTask0                            0x20000000   Data           4  timer0.o(.data)
    PeriodicTask1                            0x20000004   Data           4  timer1.o(.data)
    soundLength                              0x20000008   Data           4  sound.o(.data)
    currentSound                             0x2000000c   Data           4  sound.o(.data)
    Stage_Info                               0x20000010   Data         272  spaceinvaders.o(.data)
    pressShootFlag                           0x20000120   Data           1  spaceinvaders.o(.data)
    score                                    0x20000124   Data           4  spaceinvaders.o(.data)
    CurrLvl                                  0x20000128   Data           1  spaceinvaders.o(.data)
    numBombs                                 0x20000129   Data           1  spaceinvaders.o(.data)
    pressBombFlag                            0x2000012a   Data           1  spaceinvaders.o(.data)
    numDead                                  0x2000012c   Data           4  spaceinvaders.o(.data)
    pauseFlag                                0x20000130   Data           1  spaceinvaders.o(.data)
    newBombFlag                              0x20000131   Data           1  spaceinvaders.o(.data)
    bullet_Time                              0x20000134   Data           4  spaceinvaders.o(.data)
    Enemy_Speed                              0x20000138   Data           1  spaceinvaders.o(.data)
    FallingEdges                             0x2000013c   Data           4  spaceinvaders.o(.data)
    ADCStatus                                0x2000014c   Data           4  spaceinvaders.o(.data)
    ADCval                                   0x20000150   Data           8  spaceinvaders.o(.data)
    shootGun                                 0x20000158   Data           1  spaceinvaders.o(.data)
    useBomb                                  0x20000159   Data           1  spaceinvaders.o(.data)
    numLevelEnemies                          0x2000015c   Data           4  spaceinvaders.o(.data)
    StX                                      0x20000160   Data           4  st7735.o(.data)
    StY                                      0x20000164   Data           4  st7735.o(.data)
    StTextColor                              0x20000168   Data           2  st7735.o(.data)
    lastj                                    0x20000170   Data           4  st7735.o(.data)
    Messageindex                             0x20000178   Data           4  st7735.o(.data)
    Ymax                                     0x2000017c   Data           4  st7735.o(.data)
    Ymin                                     0x20000180   Data           4  st7735.o(.data)
    X                                        0x20000184   Data           4  st7735.o(.data)
    Yrange                                   0x20000188   Data           4  st7735.o(.data)
    TExaS_Period                             0x2000018c   Data           4  texas.o(.data)
    TExaS_Ports                              0x20000190   Data           8  texas.o(.data)
    TExaS_Meter                              0x20000198   Data           4  texas.o(.data)
    ADCnum                                   0x2000019c   Data           4  texas.o(.data)
    LastMode                                 0x200001a0   Data           4  texas.o(.data)
    bFlag                                    0x200001a4   Data           4  texas.o(.data)
    Count                                    0x200001a8   Data           4  texas.o(.data)
    DelayBetweenTests                        0x200001ac   Data           4  texas.o(.data)
    TExaS_Test                               0x200001b0   Data           4  texas.o(.data)
    ScopeMode                                0x200001b4   Data           4  texas.o(.data)
    ScopeCount                               0x200001b8   Data           4  texas.o(.data)
    shooter                                  0x200001c0   Data          12  spaceinvaders.o(.bss)
    chaser                                   0x200001cc   Data         120  spaceinvaders.o(.bss)
    bullets                                  0x20000244   Data         240  spaceinvaders.o(.bss)
    TExaS                                    0x20000338   Data          56  texas.o(.bss)
    __libspace_start                         0x20000370   Data          96  libspace.o(.bss)
    __temporary_stack_top$libspace           0x200003d0   Data           0  libspace.o(.bss)



==============================================================================

Memory Map of the image

  Image Entry point : 0x0000026d

  Load Region LR_1 (Base: 0x00000000, Size: 0x00016a04, Max: 0xffffffff, ABSOLUTE, COMPRESSED[0x000168c4])

    Execution Region ER_RO (Base: 0x00000000, Size: 0x00016844, Max: 0xffffffff, ABSOLUTE)

    Base Addr    Size         Type   Attr      Idx    E Section Name        Object

    0x00000000   0x00000284   Code   RO            3  * RESET               startup.o
    0x00000284   0x00000008   Code   RO          625  * !!!main             c_w.l(__main.o)
    0x0000028c   0x00000034   Code   RO          781    !!!scatter          c_w.l(__scatter.o)
    0x000002c0   0x0000005a   Code   RO          779    !!dczerorl2         c_w.l(__dczerorl2.o)
    0x0000031a   0x00000002   PAD
    0x0000031c   0x0000001c   Code   RO          783    !!handler_zi        c_w.l(__scatter_zi.o)
    0x00000338   0x00000002   Code   RO          652    .ARM.Collect$$libinit$$00000000  c_w.l(libinit.o)
    0x0000033a   0x00000000   Code   RO          659    .ARM.Collect$$libinit$$00000002  c_w.l(libinit2.o)
    0x0000033a   0x00000000   Code   RO          662    .ARM.Collect$$libinit$$00000008  c_w.l(libinit2.o)
    0x0000033a   0x00000000   Code   RO          664    .ARM.Collect$$libinit$$0000000A  c_w.l(libinit2.o)
    0x0000033a   0x00000000   Code   RO          666    .ARM.Collect$$libinit$$0000000C  c_w.l(libinit2.o)
    0x0000033a   0x00000000   Code   RO          669    .ARM.Collect$$libinit$$0000000F  c_w.l(libinit2.o)
    0x0000033a   0x00000000   Code   RO          671    .ARM.Collect$$libinit$$00000011  c_w.l(libinit2.o)
    0x0000033a   0x00000000   Code   RO          673    .ARM.Collect$$libinit$$00000013  c_w.l(libinit2.o)
    0x0000033a   0x00000000   Code   RO          675    .ARM.Collect$$libinit$$00000015  c_w.l(libinit2.o)
    0x0000033a   0x00000000   Code   RO          677    .ARM.Collect$$libinit$$00000017  c_w.l(libinit2.o)
    0x0000033a   0x00000000   Code   RO          679    .ARM.Collect$$libinit$$00000019  c_w.l(libinit2.o)
    0x0000033a   0x00000000   Code   RO          681    .ARM.Collect$$libinit$$0000001B  c_w.l(libinit2.o)
    0x0000033a   0x00000000   Code   RO          683    .ARM.Collect$$libinit$$0000001D  c_w.l(libinit2.o)
    0x0000033a   0x00000000   Code   RO          685    .ARM.Collect$$libinit$$0000001F  c_w.l(libinit2.o)
    0x0000033a   0x00000000   Code   RO          687    .ARM.Collect$$libinit$$00000021  c_w.l(libinit2.o)
    0x0000033a   0x00000000   Code   RO          689    .ARM.Collect$$libinit$$00000023  c_w.l(libinit2.o)
    0x0000033a   0x00000000   Code   RO          693    .ARM.Collect$$libinit$$0000002A  c_w.l(libinit2.o)
    0x0000033a   0x00000000   Code   RO          695    .ARM.Collect$$libinit$$0000002C  c_w.l(libinit2.o)
    0x0000033a   0x00000000   Code   RO          697    .ARM.Collect$$libinit$$0000002E  c_w.l(libinit2.o)
    0x0000033a   0x00000000   Code   RO          699    .ARM.Collect$$libinit$$00000030  c_w.l(libinit2.o)
    0x0000033a   0x00000002   Code   RO          700    .ARM.Collect$$libinit$$00000031  c_w.l(libinit2.o)
    0x0000033c   0x00000002   Code   RO          720    .ARM.Collect$$libshutdown$$00000000  c_w.l(libshutdown.o)
    0x0000033e   0x00000000   Code   RO          734    .ARM.Collect$$libshutdown$$00000003  c_w.l(libshutdown2.o)
    0x0000033e   0x00000000   Code   RO          737    .ARM.Collect$$libshutdown$$00000006  c_w.l(libshutdown2.o)
    0x0000033e   0x00000000   Code   RO          740    .ARM.Collect$$libshutdown$$00000009  c_w.l(libshutdown2.o)
    0x0000033e   0x00000000   Code   RO          742    .ARM.Collect$$libshutdown$$0000000B  c_w.l(libshutdown2.o)
    0x0000033e   0x00000000   Code   RO          745    .ARM.Collect$$libshutdown$$0000000E  c_w.l(libshutdown2.o)
    0x0000033e   0x00000002   Code   RO          746    .ARM.Collect$$libshutdown$$0000000F  c_w.l(libshutdown2.o)
    0x00000340   0x00000000   Code   RO          627    .ARM.Collect$$rtentry$$00000000  c_w.l(rtentry.o)
    0x00000340   0x00000000   Code   RO          629    .ARM.Collect$$rtentry$$00000002  c_w.l(rtentry2.o)
    0x00000340   0x00000006   Code   RO          641    .ARM.Collect$$rtentry$$00000004  c_w.l(rtentry4.o)
    0x00000346   0x00000000   Code   RO          631    .ARM.Collect$$rtentry$$00000009  c_w.l(rtentry2.o)
    0x00000346   0x00000004   Code   RO          632    .ARM.Collect$$rtentry$$0000000A  c_w.l(rtentry2.o)
    0x0000034a   0x00000000   Code   RO          634    .ARM.Collect$$rtentry$$0000000C  c_w.l(rtentry2.o)
    0x0000034a   0x00000008   Code   RO          635    .ARM.Collect$$rtentry$$0000000D  c_w.l(rtentry2.o)
    0x00000352   0x00000002   Code   RO          656    .ARM.Collect$$rtexit$$00000000  c_w.l(rtexit.o)
    0x00000354   0x00000000   Code   RO          702    .ARM.Collect$$rtexit$$00000002  c_w.l(rtexit2.o)
    0x00000354   0x00000004   Code   RO          703    .ARM.Collect$$rtexit$$00000003  c_w.l(rtexit2.o)
    0x00000358   0x00000006   Code   RO          704    .ARM.Collect$$rtexit$$00000004  c_w.l(rtexit2.o)
    0x0000035e   0x00000002   PAD
    0x00000360   0x00000030   Code   RO            4    .text               startup.o
    0x00000390   0x0000003c   Code   RO           13    .text               random.o
    0x000003cc   0x0000004c   Code   RO          175    .text               lcd.o
    0x00000418   0x00000110   Code   RO          178    .text               print.o
    0x00000528   0x000004a0   Code   RO          604    .text               texas.o
    0x000009c8   0x00000006   Code   RO          623    .text               c_w.l(heapauxi.o)
    0x000009ce   0x0000004a   Code   RO          643    .text               c_w.l(sys_stackheap_outer.o)
    0x00000a18   0x0000000c   Code   RO          645    .text               c_w.l(exit.o)
    0x00000a24   0x00000008   Code   RO          653    .text               c_w.l(libspace.o)
    0x00000a2c   0x0000000c   Code   RO          712    .text               c_w.l(sys_exit.o)
    0x00000a38   0x00000002   Code   RO          723    .text               c_w.l(use_no_semi.o)
    0x00000a3a   0x00000000   Code   RO          725    .text               c_w.l(indicate_semi.o)
    0x00000a3a   0x00000002   PAD
    0x00000a3c   0x00000038   Code   RO           41    i.ADC_In            adc.o
    0x00000a74   0x000000c0   Code   RO           42    i.ADC_Init          adc.o
    0x00000b34   0x00000024   Code   RO          181    i.Bullet_Init       spaceinvaders.o
    0x00000b58   0x00000058   Code   RO           16    i.DAC_Init          dac.o
    0x00000bb0   0x0000001c   Code   RO           17    i.DAC_Out           dac.o
    0x00000bcc   0x00000024   Code   RO          182    i.Delay100ms        spaceinvaders.o
    0x00000bf0   0x00000020   Code   RO          322    i.Delay1ms          st7735.o
    0x00000c10   0x000000d8   Code   RO          183    i.EdgeCounter_Init  spaceinvaders.o
    0x00000ce8   0x00000020   Code   RO          184    i.Enemy_Init        spaceinvaders.o
    0x00000d08   0x00000074   Code   RO          185    i.GPIOPortF_Handler  spaceinvaders.o
    0x00000d7c   0x00000010   Code   RO          325    i.Output_Init       st7735.o
    0x00000d8c   0x00000060   Code   RO          186    i.PortE_Init        spaceinvaders.o
    0x00000dec   0x00000120   Code   RO          329    i.ST7735_DrawBitmap  st7735.o
    0x00000f0c   0x000000f4   Code   RO          331    i.ST7735_DrawCharS  st7735.o
    0x00001000   0x00000048   Code   RO          334    i.ST7735_DrawPixel  st7735.o
    0x00001048   0x00000056   Code   RO          335    i.ST7735_DrawString  st7735.o
    0x0000109e   0x00000002   PAD
    0x000010a0   0x000000ac   Code   RO          336    i.ST7735_FillRect   st7735.o
    0x0000114c   0x00000024   Code   RO          338    i.ST7735_FillScreen  st7735.o
    0x00001170   0x0000007c   Code   RO          340    i.ST7735_InitR      st7735.o
    0x000011ec   0x000000d4   Code   RO          342    i.ST7735_OutChar    st7735.o
    0x000012c0   0x00000018   Code   RO          343    i.ST7735_OutString  st7735.o
    0x000012d8   0x00000020   Code   RO          353    i.ST7735_SetCursor  st7735.o
    0x000012f8   0x00000014   Code   RO          104    i.Sound_BangSFX     sound.o
    0x0000130c   0x00000014   Code   RO          105    i.Sound_DyingSFX    sound.o
    0x00001320   0x00000014   Code   RO          106    i.Sound_ExplosionSFX  sound.o
    0x00001334   0x00000014   Code   RO          107    i.Sound_FootstepsSFX  sound.o
    0x00001348   0x00000014   Code   RO          108    i.Sound_GunShotSFX  sound.o
    0x0000135c   0x00000008   Code   RO          109    i.Sound_Init        sound.o
    0x00001364   0x00000014   Code   RO          110    i.Sound_OhNoSFX     sound.o
    0x00001378   0x00000014   Code   RO          111    i.Sound_Play        sound.o
    0x0000138c   0x00000148   Code   RO          187    i.SysTick_Handler   spaceinvaders.o
    0x000014d4   0x0000003c   Code   RO          591    i.SysTick_Init      systick.o
    0x00001510   0x00000018   Code   RO           59    i.Timer0A_Handler   timer0.o
    0x00001528   0x00000074   Code   RO           60    i.Timer0_Init       timer0.o
    0x0000159c   0x00000018   Code   RO           83    i.Timer1A_Handler   timer1.o
    0x000015b4   0x00000118   Code   RO          188    i.Update_Bullets    spaceinvaders.o
    0x000016cc   0x00000030   Code   RO          112    i.UserTask          sound.o
    0x000016fc   0x00000204   Code   RO          189    i.checkEnemyDead    spaceinvaders.o
    0x00001900   0x00000068   Code   RO          190    i.checkShooterDead  spaceinvaders.o
    0x00001968   0x000000c0   Code   RO          191    i.clearDeadItems    spaceinvaders.o
    0x00001a28   0x00000056   Code   RO          357    i.commandList       st7735.o
    0x00001a7e   0x00000002   PAD
    0x00001a80   0x00000184   Code   RO          358    i.commonInit        st7735.o
    0x00001c04   0x00000138   Code   RO          192    i.deployEnemies     spaceinvaders.o
    0x00001d3c   0x00000030   Code   RO          193    i.displayBombsLeft  spaceinvaders.o
    0x00001d6c   0x000000e8   Code   RO          194    i.displayScore      spaceinvaders.o
    0x00001e54   0x00000070   Code   RO          195    i.dropBomb          spaceinvaders.o
    0x00001ec4   0x0000001e   Code   RO          196    i.mag               spaceinvaders.o
    0x00001ee2   0x00000002   PAD
    0x00001ee4   0x00000484   Code   RO          197    i.main              spaceinvaders.o
    0x00002368   0x00000110   Code   RO          198    i.newBulletCheck    spaceinvaders.o
    0x00002478   0x00000012   Code   RO          363    i.pushColor         st7735.o
    0x0000248a   0x00000002   PAD
    0x0000248c   0x00000074   Code   RO          364    i.setAddrWindow     st7735.o
    0x00002500   0x000002a8   Code   RO          199    i.stageChange       spaceinvaders.o
    0x000027a8   0x00000318   Code   RO          200    i.updateEnemy       spaceinvaders.o
    0x00002ac0   0x00008e6b   Data   RO          113    .constdata          sound.o
    0x0000b92b   0x00000001   PAD
    0x0000b92c   0x0000a624   Data   RO          202    .constdata          spaceinvaders.o
    0x00015f50   0x000007e2   Data   RO          366    .constdata          st7735.o
    0x00016732   0x000000f0   Data   RO          606    .constdata          texas.o
    0x00016822   0x00000002   PAD
    0x00016824   0x00000020   Data   RO          777    Region$$Table       anon$$obj.o


    Execution Region ER_RW (Base: 0x20000000, Size: 0x000001c0, Max: 0xffffffff, ABSOLUTE, COMPRESSED[0x00000080])

    Base Addr    Size         Type   Attr      Idx    E Section Name        Object

    0x20000000   0x00000004   Data   RW           61    .data               timer0.o
    0x20000004   0x00000004   Data   RW           85    .data               timer1.o
    0x20000008   0x00000008   Data   RW          114    .data               sound.o
    0x20000010   0x00000150   Data   RW          203    .data               spaceinvaders.o
    0x20000160   0x0000002c   Data   RW          367    .data               st7735.o
    0x2000018c   0x00000030   Data   RW          607    .data               texas.o
    0x200001bc   0x00000004   Data   RW           12    DATA                random.o


    Execution Region ER_ZI (Base: 0x200001c0, Size: 0x00000610, Max: 0xffffffff, ABSOLUTE)

    Base Addr    Size         Type   Attr      Idx    E Section Name        Object

    0x200001c0   0x00000174   Zero   RW          201    .bss                spaceinvaders.o
    0x20000334   0x00000004   PAD
    0x20000338   0x00000038   Zero   RW          605    .bss                texas.o
    0x20000370   0x00000060   Zero   RW          654    .bss                c_w.l(libspace.o)
    0x200003d0   0x00000000   Zero   RW            2    HEAP                startup.o
    0x200003d0   0x00000400   Zero   RW            1    STACK               startup.o


==============================================================================

Image component sizes


      Code (inc. data)   RO Data    RW Data    ZI Data      Debug   Object Name

       248         32          0          0          0       1060   adc.o
       116         20          0          0          0       5009   dac.o
        76         12          0          0          0        204   lcd.o
       272         10          0          0          0        264   print.o
        60         14          0          4          0        204   random.o
       196         54      36459          8          0       4380   sound.o
      5586        620      42532        336        372      13923   spaceinvaders.o
      1946        182       2018         44          0      12284   st7735.o
       692        632          0          0       1024        908   startup.o
        60         10          0          0          0        371   systick.o
      1184        188        240         48         56      14668   texas.o
       140         30          0          4          0       1888   timer0.o
        24          8          0          4          0        826   timer1.o

    ----------------------------------------------------------------------
     10608       1812      81284        448       1456      55989   Object Totals
         0          0         32          0          0          0   (incl. Generated)
         8          0          3          0          4          0   (incl. Padding)

    ----------------------------------------------------------------------

      Code (inc. data)   RO Data    RW Data    ZI Data      Debug   Library Member Name

        90          0          0          0          0          0   __dczerorl2.o
         8          0          0          0          0         68   __main.o
        52          8          0          0          0          0   __scatter.o
        28          0          0          0          0          0   __scatter_zi.o
        12          0          0          0          0         72   exit.o
         6          0          0          0          0        152   heapauxi.o
         0          0          0          0          0          0   indicate_semi.o
         2          0          0          0          0          0   libinit.o
         2          0          0          0          0          0   libinit2.o
         2          0          0          0          0          0   libshutdown.o
         2          0          0          0          0          0   libshutdown2.o
         8          4          0          0         96         68   libspace.o
         0          0          0          0          0          0   rtentry.o
        12          0          0          0          0          0   rtentry2.o
         6          0          0          0          0          0   rtentry4.o
         2          0          0          0          0          0   rtexit.o
        10          0          0          0          0          0   rtexit2.o
        12          4          0          0          0         68   sys_exit.o
        74          0          0          0          0         80   sys_stackheap_outer.o
         2          0          0          0          0         68   use_no_semi.o

    ----------------------------------------------------------------------
       336         16          0          0         96        576   Library Totals
         6          0          0          0          0          0   (incl. Padding)

    ----------------------------------------------------------------------

      Code (inc. data)   RO Data    RW Data    ZI Data      Debug   Library Name

       330         16          0          0         96        576   c_w.l

    ----------------------------------------------------------------------
       336         16          0          0         96        576   Library Totals

    ----------------------------------------------------------------------

==============================================================================


      Code (inc. data)   RO Data    RW Data    ZI Data      Debug   

     10944       1828      81284        448       1552      53497   Grand Totals
     10944       1828      81284        128       1552      53497   ELF Image Totals (compressed)
     10944       1828      81284        128          0          0   ROM Totals

==============================================================================

    Total RO  Size (Code + RO Data)                92228 (  90.07kB)
    Total RW  Size (RW Data + ZI Data)              2000 (   1.95kB)
    Total ROM Size (Code + RO Data + RW Data)      92356 (  90.19kB)

==============================================================================

